

================================================================
== Vitis HLS Report for 'maxpool_engine'
================================================================
* Date:           Tue Aug  4 14:38:36 2026

* Version:        2024.2 (Build 5238294 on Nov  8 2024)
* Project:        pool_upsample_route_prj
* Solution:       solution_maxpool (Vivado IP Flow Target)
* Product family: zynquplus
* Target device:  xck26-sfvc784-2LV-c


================================================================
== Performance Estimates
================================================================
+ Timing: 
    * Summary: 
    +--------+---------+----------+------------+
    |  Clock |  Target | Estimated| Uncertainty|
    +--------+---------+----------+------------+
    |ap_clk  |  5.00 ns|  3.650 ns|     1.35 ns|
    +--------+---------+----------+------------+

+ Latency: 
    * Summary: 
    +---------+-----------+----------+-----------+-----+-----------+---------+
    |   Latency (cycles)  |  Latency (absolute)  |     Interval    | Pipeline|
    |   min   |    max    |    min   |    max    | min |    max    |   Type  |
    +---------+-----------+----------+-----------+-----+-----------+---------+
    |      131|  221516838|  0.655 us|  1.108 sec|  132|  221516839|       no|
    +---------+-----------+----------+-----------+-----+-----------+---------+

    + Detail: 
        * Instance: 
        +---------------------------------------------------+----------------------------------------+---------+---------+-----------+----------+-----+-----+------------------------------------------------+
        |                                                   |                                        |  Latency (cycles) |  Latency (absolute)  |  Interval |                    Pipeline                    |
        |                      Instance                     |                 Module                 |   min   |   max   |    min    |    max   | min | max |                      Type                      |
        +---------------------------------------------------+----------------------------------------+---------+---------+-----------+----------+-----+-----+------------------------------------------------+
        |grp_maxpool_engine_Pipeline_MAXPOOL_INIT_fu_277    |maxpool_engine_Pipeline_MAXPOOL_INIT    |        3|      130|  15.000 ns|  0.650 us|    2|  129|  loop auto-rewind stp (delay=0 clock cycles(s))|
        |grp_maxpool_engine_Pipeline_MAXPOOL_WRITE_fu_283   |maxpool_engine_Pipeline_MAXPOOL_WRITE   |        4|      131|  20.000 ns|  0.655 us|    2|  129|  loop auto-rewind stp (delay=0 clock cycles(s))|
        |grp_maxpool_engine_Pipeline_MAXPOOL_UPDATE_fu_292  |maxpool_engine_Pipeline_MAXPOOL_UPDATE  |        4|      131|  20.000 ns|  0.655 us|    2|  129|  loop auto-rewind stp (delay=0 clock cycles(s))|
        +---------------------------------------------------+----------------------------------------+---------+---------+-----------+----------+-----+-----+------------------------------------------------+

        * Loop: 
        +------------------------+---------+-----------+-------------+-----------+-----------+---------+----------+
        |                        |   Latency (cycles)  |  Iteration  |  Initiation Interval  |   Trip  |          |
        |        Loop Name       |   min   |    max    |   Latency   |  achieved |   target  |  Count  | Pipelined|
        +------------------------+---------+-----------+-------------+-----------+-----------+---------+----------+
        |- ROW_LOOP              |       93|  221516800|  93 ~ 432650|          -|          -|  1 ~ 512|        no|
        | + COL_LOOP             |       83|     432640|     83 ~ 845|          -|          -|  1 ~ 512|        no|
        |  ++ VITIS_LOOP_90_1    |       72|        580|     36 ~ 290|          -|          -|        2|        no|
        |   +++ VITIS_LOOP_91_2  |       34|        288|     17 ~ 144|          -|          -|        2|        no|
        +------------------------+---------+-----------+-------------+-----------+-----------+---------+----------+



================================================================
== Utilization Estimates
================================================================
* Summary: 
+-----------------+---------+------+--------+--------+-----+
|       Name      | BRAM_18K|  DSP |   FF   |   LUT  | URAM|
+-----------------+---------+------+--------+--------+-----+
|DSP              |        -|     -|       -|       -|    -|
|Expression       |        -|     -|       0|    1058|    -|
|FIFO             |        -|     -|       -|       -|    -|
|Instance         |        4|     9|    2603|    2641|    0|
|Memory           |        2|     -|       0|       0|    0|
|Multiplexer      |        -|     -|       0|     576|    -|
|Register         |        -|     -|    1256|       -|    -|
+-----------------+---------+------+--------+--------+-----+
|Total            |        6|     9|    3859|    4275|    0|
+-----------------+---------+------+--------+--------+-----+
|Available        |      288|  1248|  234240|  117120|   64|
+-----------------+---------+------+--------+--------+-----+
|Utilization (%)  |        2|    ~0|       1|       3|    0|
+-----------------+---------+------+--------+--------+-----+

+ Detail: 
    * Instance: 
    +---------------------------------------------------+----------------------------------------+---------+----+-----+-----+-----+
    |                      Instance                     |                 Module                 | BRAM_18K| DSP|  FF | LUT | URAM|
    +---------------------------------------------------+----------------------------------------+---------+----+-----+-----+-----+
    |CTRL_s_axi_U                                       |CTRL_s_axi                              |        0|   0|  284|  440|    0|
    |RD_BUS_m_axi_U                                     |RD_BUS_m_axi                            |        2|   0|  671|  637|    0|
    |WR_BUS_m_axi_U                                     |WR_BUS_m_axi                            |        2|   0|  665|  625|    0|
    |grp_maxpool_engine_Pipeline_MAXPOOL_INIT_fu_277    |maxpool_engine_Pipeline_MAXPOOL_INIT    |        0|   0|   10|   63|    0|
    |grp_maxpool_engine_Pipeline_MAXPOOL_UPDATE_fu_292  |maxpool_engine_Pipeline_MAXPOOL_UPDATE  |        0|   0|  140|  229|    0|
    |grp_maxpool_engine_Pipeline_MAXPOOL_WRITE_fu_283   |maxpool_engine_Pipeline_MAXPOOL_WRITE   |        0|   0|   45|   85|    0|
    |mul_14ns_32s_32_1_1_U17                            |mul_14ns_32s_32_1_1                     |        0|   2|    0|   20|    0|
    |mul_19ns_14ns_46_1_1_U23                           |mul_19ns_14ns_46_1_1                    |        0|   1|    0|    6|    0|
    |mul_32s_14ns_32_1_1_U19                            |mul_32s_14ns_32_1_1                     |        0|   2|    0|   20|    0|
    |mul_32s_19s_32_1_1_U20                             |mul_32s_19s_32_1_1                      |        0|   2|    0|   20|    0|
    |mul_32s_8ns_32_1_1_U18                             |mul_32s_8ns_32_1_1                      |        0|   2|    0|   20|    0|
    |udiv_32s_8ns_32_36_seq_1_U21                       |udiv_32s_8ns_32_36_seq_1                |        0|   0|  394|  238|    0|
    |udiv_32s_8ns_32_36_seq_1_U22                       |udiv_32s_8ns_32_36_seq_1                |        0|   0|  394|  238|    0|
    +---------------------------------------------------+----------------------------------------+---------+----+-----+-----+-----+
    |Total                                              |                                        |        4|   9| 2603| 2641|    0|
    +---------------------------------------------------+----------------------------------------+---------+----+-----+-----+-----+

    * DSP: 
    N/A

    * Memory: 
    +----------+----------------------+---------+---+----+-----+------+-----+------+-------------+
    |  Memory  |        Module        | BRAM_18K| FF| LUT| URAM| Words| Bits| Banks| W*Bits*Banks|
    +----------+----------------------+---------+---+----+-----+------+-----+------+-------------+
    |maxval_U  |maxval_RAM_AUTO_1R1W  |        2|  0|   0|    0|   128|   32|     1|         4096|
    +----------+----------------------+---------+---+----+-----+------+-----+------+-------------+
    |Total     |                      |        2|  0|   0|    0|   128|   32|     1|         4096|
    +----------+----------------------+---------+---+----+-----+------+-----+------+-------------+

    * FIFO: 
    N/A

    * Expression: 
    +------------------------+----------+----+---+----+------------+------------+
    |      Variable Name     | Operation| DSP| FF| LUT| Bitwidth P0| Bitwidth P1|
    +------------------------+----------+----+---+----+------------+------------+
    |add_ln57_1_fu_409_p2    |         +|   0|  0|  25|          18|          18|
    |add_ln57_fu_399_p2      |         +|   0|  0|  16|           9|           3|
    |add_ln58_1_fu_377_p2    |         +|   0|  0|  25|          18|          18|
    |add_ln58_fu_367_p2      |         +|   0|  0|  16|           9|           3|
    |add_ln66_1_fu_499_p2    |         +|   0|  0|  39|          32|          32|
    |add_ln66_2_fu_504_p2    |         +|   0|  0|  39|          32|          32|
    |add_ln66_fu_514_p2      |         +|   0|  0|  39|          32|           1|
    |add_ln69_1_fu_556_p2    |         +|   0|  0|  39|          32|          32|
    |add_ln69_fu_531_p2      |         +|   0|  0|  71|          64|          64|
    |add_ln90_fu_589_p2      |         +|   0|  0|  24|          17|          17|
    |add_ln93_fu_699_p2      |         +|   0|  0|  71|          64|          64|
    |c_out_1_fu_566_p2       |         +|   0|  0|  39|          32|           1|
    |dx_1_fu_630_p2          |         +|   0|  0|   9|           2|           1|
    |dy_1_fu_600_p2          |         +|   0|  0|   9|           2|           1|
    |in_c_fu_658_p2          |         +|   0|  0|  39|          32|          32|
    |in_r_fu_614_p2          |         +|   0|  0|  39|          32|          32|
    |out_h_fu_444_p2         |         +|   0|  0|  39|          32|           1|
    |out_w_fu_424_p2         |         +|   0|  0|  39|          32|           1|
    |tmp2_fu_572_p2          |         +|   0|  0|  39|          32|          32|
    |tmp4_fu_653_p2          |         +|   0|  0|  32|          32|          32|
    |tmp7_fu_648_p2          |         +|   0|  0|  32|          32|          32|
    |in_bounds_fu_669_p2     |       and|   0|  0|   2|           1|           1|
    |cmp1412_fu_430_p2       |      icmp|   0|  0|  39|          32|           1|
    |cmp182_fu_436_p2        |      icmp|   0|  0|  21|          14|           1|
    |cmp35_fu_619_p2         |      icmp|   0|  0|  39|          32|          32|
    |icmp_ln66_fu_509_p2     |      icmp|   0|  0|  39|          32|          32|
    |icmp_ln69_fu_561_p2     |      icmp|   0|  0|  39|          32|          32|
    |icmp_ln90_fu_594_p2     |      icmp|   0|  0|  10|           2|           3|
    |icmp_ln91_fu_624_p2     |      icmp|   0|  0|  10|           2|           3|
    |icmp_ln98_fu_664_p2     |      icmp|   0|  0|  39|          32|          32|
    |empty_34_fu_478_p3      |    select|   0|  0|  42|           1|          46|
    |empty_36_fu_681_p3      |    select|   0|  0|   8|           1|           8|
    |empty_fu_471_p3         |    select|   0|  0|  42|           1|          46|
    |select_ln101_fu_674_p3  |    select|   0|  0|   8|           1|           8|
    +------------------------+----------+----+---+----+------------+------------+
    |Total                   |          |   0|  0|1058|         770|         694|
    +------------------------+----------+----+---+----+------------+------------+

    * Multiplexer: 
    +------------------+-----+-----------+-----+-----------+
    |       Name       | LUT | Input Size| Bits| Total Bits|
    +------------------+-----+-----------+-----+-----------+
    |RD_BUS_0_ARADDR   |   14|          3|   64|        192|
    |RD_BUS_0_ARLEN    |   14|          3|   32|         96|
    |RD_BUS_0_ARVALID  |   14|          3|    1|          3|
    |RD_BUS_0_RREADY   |    9|          2|    1|          2|
    |RD_BUS_blk_n_AR   |    9|          2|    1|          2|
    |WR_BUS_0_AWADDR   |   14|          3|   64|        192|
    |WR_BUS_0_AWLEN    |   14|          3|   32|         96|
    |WR_BUS_0_AWVALID  |   14|          3|    1|          3|
    |WR_BUS_0_BREADY   |   14|          3|    1|          3|
    |WR_BUS_0_WVALID   |    9|          2|    1|          2|
    |WR_BUS_blk_n_AW   |    9|          2|    1|          2|
    |WR_BUS_blk_n_B    |    9|          2|    1|          2|
    |ap_NS_fsm         |  284|         65|    1|         65|
    |c_out_reg_221     |    9|          2|   32|         64|
    |dx_reg_266        |    9|          2|    2|          4|
    |dy_reg_244        |    9|          2|    2|          4|
    |maxval_address0   |   20|          4|    7|         28|
    |maxval_ce0        |   20|          4|    1|          4|
    |maxval_ce1        |    9|          2|    1|          2|
    |maxval_d0         |   14|          3|   32|         96|
    |maxval_we0        |   14|          3|    1|          3|
    |phi_mul2_reg_232  |    9|          2|   32|         64|
    |phi_mul5_fu_148   |    9|          2|   32|         64|
    |phi_mul8_fu_144   |    9|          2|   32|         64|
    |phi_mul_reg_255   |    9|          2|   17|         34|
    |r_out_fu_152      |    9|          2|   32|         64|
    +------------------+-----+-----------+-----+-----------+
    |Total             |  576|        128|  424|       1155|
    +------------------+-----+-----------+-----+-----------+

    * Register: 
    +----------------------------------------------------------------+----+----+-----+-----------+
    |                              Name                              | FF | LUT| Bits| Const Bits|
    +----------------------------------------------------------------+----+----+-----+-----------+
    |add_ln66_1_reg_881                                              |  32|   0|   32|          0|
    |add_ln66_2_reg_886                                              |  32|   0|   32|          0|
    |add_ln66_reg_894                                                |  32|   0|   32|          0|
    |add_ln69_1_reg_920                                              |  32|   0|   32|          0|
    |add_ln90_reg_943                                                |  17|   0|   17|          0|
    |ap_CS_fsm                                                       |  64|   0|   64|          0|
    |c_out_1_reg_928                                                 |  32|   0|   32|          0|
    |c_out_reg_221                                                   |  32|   0|   32|          0|
    |ch_words_reg_789                                                |  14|   0|   14|          0|
    |cmp1412_reg_830                                                 |   1|   0|    1|          0|
    |cmp182_reg_835                                                  |   1|   0|    1|          0|
    |cmp35_reg_966                                                   |   1|   0|    1|          0|
    |dx_1_reg_975                                                    |   2|   0|    2|          0|
    |dx_reg_266                                                      |   2|   0|    2|          0|
    |dy_1_reg_951                                                    |   2|   0|    2|          0|
    |dy_reg_244                                                      |   2|   0|    2|          0|
    |empty_36_reg_995                                                |   8|   0|    8|          0|
    |grp_maxpool_engine_Pipeline_MAXPOOL_INIT_fu_277_ap_start_reg    |   1|   0|    1|          0|
    |grp_maxpool_engine_Pipeline_MAXPOOL_UPDATE_fu_292_ap_start_reg  |   1|   0|    1|          0|
    |grp_maxpool_engine_Pipeline_MAXPOOL_WRITE_fu_283_ap_start_reg   |   1|   0|    1|          0|
    |icmp_ln98_reg_990                                               |   1|   0|    1|          0|
    |ifmap_read_reg_784                                              |  64|   0|   64|          0|
    |img_h_read_reg_772                                              |  16|   0|   16|          0|
    |img_w_read_reg_764                                              |  16|   0|   16|          0|
    |in_c_reg_985                                                    |  32|   0|   32|          0|
    |in_r_reg_961                                                    |  32|   0|   32|          0|
    |mul_ln69_1_reg_904                                              |  32|   0|   32|          0|
    |mul_ln69_reg_899                                                |  32|   0|   32|          0|
    |mul_ln93_reg_1000                                               |  32|   0|   32|          0|
    |ofmap_read_reg_779                                              |  64|   0|   64|          0|
    |out_h_reg_846                                                   |  32|   0|   32|          0|
    |out_w_reg_823                                                   |  32|   0|   32|          0|
    |p_cast16_reg_956                                                |  17|   0|   32|         15|
    |pad_bottom_read_reg_749                                         |   8|   0|    8|          0|
    |pad_right_read_reg_754                                          |   8|   0|    8|          0|
    |phi_mul2_reg_232                                                |  32|   0|   32|          0|
    |phi_mul5_fu_148                                                 |  32|   0|   32|          0|
    |phi_mul8_fu_144                                                 |  32|   0|   32|          0|
    |phi_mul8_load_reg_873                                           |  32|   0|   32|          0|
    |phi_mul_reg_255                                                 |  17|   0|   17|          0|
    |r_out_fu_152                                                    |  32|   0|   32|          0|
    |stride_read_reg_759                                             |   8|   0|    8|          0|
    |tmp2_reg_933                                                    |  32|   0|   32|          0|
    |tmp3_reg_938                                                    |  32|   0|   32|          0|
    |tmp4_reg_980                                                    |  32|   0|   32|          0|
    |trunc_ln1_reg_909                                               |  62|   0|   62|          0|
    |trunc_ln3_reg_1005                                              |  62|   0|   62|          0|
    |trunc_ln66_1_reg_799                                            |   8|   0|    8|          0|
    |zext_ln57_2_reg_804                                             |   8|   0|   32|         24|
    |zext_ln57_reg_841                                               |  16|   0|   32|         16|
    |zext_ln58_3_reg_857                                             |  16|   0|   17|          1|
    |zext_ln58_reg_851                                               |  16|   0|   32|         16|
    |zext_ln63_reg_862                                               |  14|   0|   32|         18|
    |zext_ln66_2_reg_868                                             |  46|   0|   64|         18|
    +----------------------------------------------------------------+----+----+-----+-----------+
    |Total                                                           |1256|   0| 1364|        108|
    +----------------------------------------------------------------+----+----+-----+-----------+



================================================================
== Interface
================================================================
* Summary: 
+-----------------------+-----+-----+------------+----------------+--------------+
|       RTL Ports       | Dir | Bits|  Protocol  |  Source Object |    C Type    |
+-----------------------+-----+-----+------------+----------------+--------------+
|s_axi_CTRL_AWVALID     |   in|    1|       s_axi|            CTRL|        scalar|
|s_axi_CTRL_AWREADY     |  out|    1|       s_axi|            CTRL|        scalar|
|s_axi_CTRL_AWADDR      |   in|    7|       s_axi|            CTRL|        scalar|
|s_axi_CTRL_WVALID      |   in|    1|       s_axi|            CTRL|        scalar|
|s_axi_CTRL_WREADY      |  out|    1|       s_axi|            CTRL|        scalar|
|s_axi_CTRL_WDATA       |   in|   32|       s_axi|            CTRL|        scalar|
|s_axi_CTRL_WSTRB       |   in|    4|       s_axi|            CTRL|        scalar|
|s_axi_CTRL_ARVALID     |   in|    1|       s_axi|            CTRL|        scalar|
|s_axi_CTRL_ARREADY     |  out|    1|       s_axi|            CTRL|        scalar|
|s_axi_CTRL_ARADDR      |   in|    7|       s_axi|            CTRL|        scalar|
|s_axi_CTRL_RVALID      |  out|    1|       s_axi|            CTRL|        scalar|
|s_axi_CTRL_RREADY      |   in|    1|       s_axi|            CTRL|        scalar|
|s_axi_CTRL_RDATA       |  out|   32|       s_axi|            CTRL|        scalar|
|s_axi_CTRL_RRESP       |  out|    2|       s_axi|            CTRL|        scalar|
|s_axi_CTRL_BVALID      |  out|    1|       s_axi|            CTRL|        scalar|
|s_axi_CTRL_BREADY      |   in|    1|       s_axi|            CTRL|        scalar|
|s_axi_CTRL_BRESP       |  out|    2|       s_axi|            CTRL|        scalar|
|ap_clk                 |   in|    1|  ap_ctrl_hs|  maxpool_engine|  return value|
|ap_rst_n               |   in|    1|  ap_ctrl_hs|  maxpool_engine|  return value|
|interrupt              |  out|    1|  ap_ctrl_hs|  maxpool_engine|  return value|
|m_axi_RD_BUS_AWVALID   |  out|    1|       m_axi|          RD_BUS|       pointer|
|m_axi_RD_BUS_AWREADY   |   in|    1|       m_axi|          RD_BUS|       pointer|
|m_axi_RD_BUS_AWADDR    |  out|   64|       m_axi|          RD_BUS|       pointer|
|m_axi_RD_BUS_AWID      |  out|    1|       m_axi|          RD_BUS|       pointer|
|m_axi_RD_BUS_AWLEN     |  out|    8|       m_axi|          RD_BUS|       pointer|
|m_axi_RD_BUS_AWSIZE    |  out|    3|       m_axi|          RD_BUS|       pointer|
|m_axi_RD_BUS_AWBURST   |  out|    2|       m_axi|          RD_BUS|       pointer|
|m_axi_RD_BUS_AWLOCK    |  out|    2|       m_axi|          RD_BUS|       pointer|
|m_axi_RD_BUS_AWCACHE   |  out|    4|       m_axi|          RD_BUS|       pointer|
|m_axi_RD_BUS_AWPROT    |  out|    3|       m_axi|          RD_BUS|       pointer|
|m_axi_RD_BUS_AWQOS     |  out|    4|       m_axi|          RD_BUS|       pointer|
|m_axi_RD_BUS_AWREGION  |  out|    4|       m_axi|          RD_BUS|       pointer|
|m_axi_RD_BUS_AWUSER    |  out|    1|       m_axi|          RD_BUS|       pointer|
|m_axi_RD_BUS_WVALID    |  out|    1|       m_axi|          RD_BUS|       pointer|
|m_axi_RD_BUS_WREADY    |   in|    1|       m_axi|          RD_BUS|       pointer|
|m_axi_RD_BUS_WDATA     |  out|   32|       m_axi|          RD_BUS|       pointer|
|m_axi_RD_BUS_WSTRB     |  out|    4|       m_axi|          RD_BUS|       pointer|
|m_axi_RD_BUS_WLAST     |  out|    1|       m_axi|          RD_BUS|       pointer|
|m_axi_RD_BUS_WID       |  out|    1|       m_axi|          RD_BUS|       pointer|
|m_axi_RD_BUS_WUSER     |  out|    1|       m_axi|          RD_BUS|       pointer|
|m_axi_RD_BUS_ARVALID   |  out|    1|       m_axi|          RD_BUS|       pointer|
|m_axi_RD_BUS_ARREADY   |   in|    1|       m_axi|          RD_BUS|       pointer|
|m_axi_RD_BUS_ARADDR    |  out|   64|       m_axi|          RD_BUS|       pointer|
|m_axi_RD_BUS_ARID      |  out|    1|       m_axi|          RD_BUS|       pointer|
|m_axi_RD_BUS_ARLEN     |  out|    8|       m_axi|          RD_BUS|       pointer|
|m_axi_RD_BUS_ARSIZE    |  out|    3|       m_axi|          RD_BUS|       pointer|
|m_axi_RD_BUS_ARBURST   |  out|    2|       m_axi|          RD_BUS|       pointer|
|m_axi_RD_BUS_ARLOCK    |  out|    2|       m_axi|          RD_BUS|       pointer|
|m_axi_RD_BUS_ARCACHE   |  out|    4|       m_axi|          RD_BUS|       pointer|
|m_axi_RD_BUS_ARPROT    |  out|    3|       m_axi|          RD_BUS|       pointer|
|m_axi_RD_BUS_ARQOS     |  out|    4|       m_axi|          RD_BUS|       pointer|
|m_axi_RD_BUS_ARREGION  |  out|    4|       m_axi|          RD_BUS|       pointer|
|m_axi_RD_BUS_ARUSER    |  out|    1|       m_axi|          RD_BUS|       pointer|
|m_axi_RD_BUS_RVALID    |   in|    1|       m_axi|          RD_BUS|       pointer|
|m_axi_RD_BUS_RREADY    |  out|    1|       m_axi|          RD_BUS|       pointer|
|m_axi_RD_BUS_RDATA     |   in|   32|       m_axi|          RD_BUS|       pointer|
|m_axi_RD_BUS_RLAST     |   in|    1|       m_axi|          RD_BUS|       pointer|
|m_axi_RD_BUS_RID       |   in|    1|       m_axi|          RD_BUS|       pointer|
|m_axi_RD_BUS_RUSER     |   in|    1|       m_axi|          RD_BUS|       pointer|
|m_axi_RD_BUS_RRESP     |   in|    2|       m_axi|          RD_BUS|       pointer|
|m_axi_RD_BUS_BVALID    |   in|    1|       m_axi|          RD_BUS|       pointer|
|m_axi_RD_BUS_BREADY    |  out|    1|       m_axi|          RD_BUS|       pointer|
|m_axi_RD_BUS_BRESP     |   in|    2|       m_axi|          RD_BUS|       pointer|
|m_axi_RD_BUS_BID       |   in|    1|       m_axi|          RD_BUS|       pointer|
|m_axi_RD_BUS_BUSER     |   in|    1|       m_axi|          RD_BUS|       pointer|
|m_axi_WR_BUS_AWVALID   |  out|    1|       m_axi|          WR_BUS|       pointer|
|m_axi_WR_BUS_AWREADY   |   in|    1|       m_axi|          WR_BUS|       pointer|
|m_axi_WR_BUS_AWADDR    |  out|   64|       m_axi|          WR_BUS|       pointer|
|m_axi_WR_BUS_AWID      |  out|    1|       m_axi|          WR_BUS|       pointer|
|m_axi_WR_BUS_AWLEN     |  out|    8|       m_axi|          WR_BUS|       pointer|
|m_axi_WR_BUS_AWSIZE    |  out|    3|       m_axi|          WR_BUS|       pointer|
|m_axi_WR_BUS_AWBURST   |  out|    2|       m_axi|          WR_BUS|       pointer|
|m_axi_WR_BUS_AWLOCK    |  out|    2|       m_axi|          WR_BUS|       pointer|
|m_axi_WR_BUS_AWCACHE   |  out|    4|       m_axi|          WR_BUS|       pointer|
|m_axi_WR_BUS_AWPROT    |  out|    3|       m_axi|          WR_BUS|       pointer|
|m_axi_WR_BUS_AWQOS     |  out|    4|       m_axi|          WR_BUS|       pointer|
|m_axi_WR_BUS_AWREGION  |  out|    4|       m_axi|          WR_BUS|       pointer|
|m_axi_WR_BUS_AWUSER    |  out|    1|       m_axi|          WR_BUS|       pointer|
|m_axi_WR_BUS_WVALID    |  out|    1|       m_axi|          WR_BUS|       pointer|
|m_axi_WR_BUS_WREADY    |   in|    1|       m_axi|          WR_BUS|       pointer|
|m_axi_WR_BUS_WDATA     |  out|   32|       m_axi|          WR_BUS|       pointer|
|m_axi_WR_BUS_WSTRB     |  out|    4|       m_axi|          WR_BUS|       pointer|
|m_axi_WR_BUS_WLAST     |  out|    1|       m_axi|          WR_BUS|       pointer|
|m_axi_WR_BUS_WID       |  out|    1|       m_axi|          WR_BUS|       pointer|
|m_axi_WR_BUS_WUSER     |  out|    1|       m_axi|          WR_BUS|       pointer|
|m_axi_WR_BUS_ARVALID   |  out|    1|       m_axi|          WR_BUS|       pointer|
|m_axi_WR_BUS_ARREADY   |   in|    1|       m_axi|          WR_BUS|       pointer|
|m_axi_WR_BUS_ARADDR    |  out|   64|       m_axi|          WR_BUS|       pointer|
|m_axi_WR_BUS_ARID      |  out|    1|       m_axi|          WR_BUS|       pointer|
|m_axi_WR_BUS_ARLEN     |  out|    8|       m_axi|          WR_BUS|       pointer|
|m_axi_WR_BUS_ARSIZE    |  out|    3|       m_axi|          WR_BUS|       pointer|
|m_axi_WR_BUS_ARBURST   |  out|    2|       m_axi|          WR_BUS|       pointer|
|m_axi_WR_BUS_ARLOCK    |  out|    2|       m_axi|          WR_BUS|       pointer|
|m_axi_WR_BUS_ARCACHE   |  out|    4|       m_axi|          WR_BUS|       pointer|
|m_axi_WR_BUS_ARPROT    |  out|    3|       m_axi|          WR_BUS|       pointer|
|m_axi_WR_BUS_ARQOS     |  out|    4|       m_axi|          WR_BUS|       pointer|
|m_axi_WR_BUS_ARREGION  |  out|    4|       m_axi|          WR_BUS|       pointer|
|m_axi_WR_BUS_ARUSER    |  out|    1|       m_axi|          WR_BUS|       pointer|
|m_axi_WR_BUS_RVALID    |   in|    1|       m_axi|          WR_BUS|       pointer|
|m_axi_WR_BUS_RREADY    |  out|    1|       m_axi|          WR_BUS|       pointer|
|m_axi_WR_BUS_RDATA     |   in|   32|       m_axi|          WR_BUS|       pointer|
|m_axi_WR_BUS_RLAST     |   in|    1|       m_axi|          WR_BUS|       pointer|
|m_axi_WR_BUS_RID       |   in|    1|       m_axi|          WR_BUS|       pointer|
|m_axi_WR_BUS_RUSER     |   in|    1|       m_axi|          WR_BUS|       pointer|
|m_axi_WR_BUS_RRESP     |   in|    2|       m_axi|          WR_BUS|       pointer|
|m_axi_WR_BUS_BVALID    |   in|    1|       m_axi|          WR_BUS|       pointer|
|m_axi_WR_BUS_BREADY    |  out|    1|       m_axi|          WR_BUS|       pointer|
|m_axi_WR_BUS_BRESP     |   in|    2|       m_axi|          WR_BUS|       pointer|
|m_axi_WR_BUS_BID       |   in|    1|       m_axi|          WR_BUS|       pointer|
|m_axi_WR_BUS_BUSER     |   in|    1|       m_axi|          WR_BUS|       pointer|
+-----------------------+-----+-----+------------+----------------+--------------+

