

================================================================
== Vitis HLS Report for 'upsample_engine'
================================================================
* Date:           Tue Aug  4 14:40:18 2026

* Version:        2024.2 (Build 5238294 on Nov  8 2024)
* Project:        pool_upsample_route_prj
* Solution:       solution_upsample (Vivado IP Flow Target)
* Product family: zynquplus
* Target device:  xck26-sfvc784-2LV-c


================================================================
== Performance Estimates
================================================================
+ Timing: 
    * Summary: 
    +--------+---------+----------+------------+
    |  Clock |  Target | Estimated| Uncertainty|
    +--------+---------+----------+------------+
    |ap_clk  |  5.00 ns|  3.650 ns|     1.35 ns|
    +--------+---------+----------+------------+

+ Latency: 
    * Summary: 
    +---------+---------+----------+----------+-----+--------+---------+
    |  Latency (cycles) |  Latency (absolute) |   Interval   | Pipeline|
    |   min   |   max   |    min   |    max   | min |   max  |   Type  |
    +---------+---------+----------+----------+-----+--------+---------+
    |       35|   345442|  0.175 us|  1.727 ms|   36|  345443|       no|
    +---------+---------+----------+----------+-----+--------+---------+

    + Detail: 
        * Instance: 
        +------------------------------------------------------------------------------------+-------------------------------------------------------------------------+---------+---------+-----------+----------+-----+-----+------------------------------------------------+
        |                                                                                    |                                                                         |  Latency (cycles) |  Latency (absolute)  |  Interval |                    Pipeline                    |
        |                                      Instance                                      |                                  Module                                 |   min   |   max   |    min    |    max   | min | max |                      Type                      |
        +------------------------------------------------------------------------------------+-------------------------------------------------------------------------+---------+---------+-----------+----------+-----+-----+------------------------------------------------+
        |grp_upsample_engine_Pipeline_UPSAMPLE_READ_fu_175                                   |upsample_engine_Pipeline_UPSAMPLE_READ                                   |        4|       67|  20.000 ns|  0.335 us|    2|   65|  loop auto-rewind stp (delay=0 clock cycles(s))|
        |grp_upsample_engine_Pipeline_VITIS_LOOP_65_1_VITIS_LOOP_66_2_UPSAMPLE_WRITE_fu_184  |upsample_engine_Pipeline_VITIS_LOOP_65_1_VITIS_LOOP_66_2_UPSAMPLE_WRITE  |       12|      264|  60.000 ns|  1.320 us|    5|  257|  loop auto-rewind stp (delay=0 clock cycles(s))|
        +------------------------------------------------------------------------------------+-------------------------------------------------------------------------+---------+---------+-----------+----------+-----+-----+------------------------------------------------+

        * Loop: 
        +-------------+---------+---------+------------+-----------+-----------+--------+----------+
        |             |  Latency (cycles) |  Iteration |  Initiation Interval  |  Trip  |          |
        |  Loop Name  |   min   |   max   |   Latency  |  achieved |   target  |  Count | Pipelined|
        +-------------+---------+---------+------------+-----------+-----------+--------+----------+
        |- ROW_LOOP   |       33|   345440|  33 ~ 10795|          -|          -|  1 ~ 32|        no|
        | + COL_LOOP  |       22|    10784|    22 ~ 337|          -|          -|  1 ~ 32|        no|
        +-------------+---------+---------+------------+-----------+-----------+--------+----------+



================================================================
== Utilization Estimates
================================================================
* Summary: 
+-----------------+---------+------+--------+--------+-----+
|       Name      | BRAM_18K|  DSP |   FF   |   LUT  | URAM|
+-----------------+---------+------+--------+--------+-----+
|DSP              |        -|     1|       -|       -|    -|
|Expression       |        -|     -|       0|     282|    -|
|FIFO             |        -|     -|       -|       -|    -|
|Instance         |        4|     5|    1952|    2377|    0|
|Memory           |        1|     -|       0|       0|    0|
|Multiplexer      |        -|     -|       0|     239|    -|
|Register         |        -|     -|     560|       -|    -|
+-----------------+---------+------+--------+--------+-----+
|Total            |        5|     6|    2512|    2898|    0|
+-----------------+---------+------+--------+--------+-----+
|Available        |      288|  1248|  234240|  117120|   64|
+-----------------+---------+------+--------+--------+-----+
|Utilization (%)  |        1|    ~0|       1|       2|    0|
+-----------------+---------+------+--------+--------+-----+

+ Detail: 
    * Instance: 
    +------------------------------------------------------------------------------------+-------------------------------------------------------------------------+---------+----+-----+-----+-----+
    |                                      Instance                                      |                                  Module                                 | BRAM_18K| DSP|  FF | LUT | URAM|
    +------------------------------------------------------------------------------------+-------------------------------------------------------------------------+---------+----+-----+-----+-----+
    |CTRL_s_axi_U                                                                        |CTRL_s_axi                                                               |        0|   0|  242|  392|    0|
    |RD_BUS_m_axi_U                                                                      |RD_BUS_m_axi                                                             |        2|   0|  671|  637|    0|
    |WR_BUS_m_axi_U                                                                      |WR_BUS_m_axi                                                             |        2|   0|  665|  625|    0|
    |mul_14ns_16ns_30_1_1_U16                                                            |mul_14ns_16ns_30_1_1                                                     |        0|   1|    0|    5|    0|
    |mul_16ns_30ns_32_1_1_U14                                                            |mul_16ns_30ns_32_1_1                                                     |        0|   2|    0|   25|    0|
    |mul_30s_16ns_30_1_1_U15                                                             |mul_30s_16ns_30_1_1                                                      |        0|   2|    0|   25|    0|
    |grp_upsample_engine_Pipeline_UPSAMPLE_READ_fu_175                                   |upsample_engine_Pipeline_UPSAMPLE_READ                                   |        0|   0|   59|   84|    0|
    |grp_upsample_engine_Pipeline_VITIS_LOOP_65_1_VITIS_LOOP_66_2_UPSAMPLE_WRITE_fu_184  |upsample_engine_Pipeline_VITIS_LOOP_65_1_VITIS_LOOP_66_2_UPSAMPLE_WRITE  |        0|   0|  315|  584|    0|
    +------------------------------------------------------------------------------------+-------------------------------------------------------------------------+---------+----+-----+-----+-----+
    |Total                                                                               |                                                                         |        4|   5| 1952| 2377|    0|
    +------------------------------------------------------------------------------------+-------------------------------------------------------------------------+---------+----+-----+-----+-----+

    * DSP: 
    +--------------------------------------+----------------------------------+--------------+
    |               Instance               |              Module              |  Expression  |
    +--------------------------------------+----------------------------------+--------------+
    |mac_muladd_16ns_15ns_32ns_32_4_1_U17  |mac_muladd_16ns_15ns_32ns_32_4_1  |  i0 * i1 + i2|
    +--------------------------------------+----------------------------------+--------------+

    * Memory: 
    +-------+------------------+---------+---+----+-----+------+-----+------+-------------+
    | Memory|      Module      | BRAM_18K| FF| LUT| URAM| Words| Bits| Banks| W*Bits*Banks|
    +-------+------------------+---------+---+----+-----+------+-----+------+-------------+
    |px_U   |px_RAM_AUTO_1R1W  |        1|  0|   0|    0|    64|   32|     1|         2048|
    +-------+------------------+---------+---+----+-----+------+-----+------+-------------+
    |Total  |                  |        1|  0|   0|    0|    64|   32|     1|         2048|
    +-------+------------------+---------+---+----+-----+------+-----+------+-------------+

    * FIFO: 
    N/A

    * Expression: 
    +----------------------+----------+----+---+----+------------+------------+
    |     Variable Name    | Operation| DSP| FF| LUT| Bitwidth P0| Bitwidth P1|
    +----------------------+----------+----+---+----+------------+------------+
    |add_ln41_1_fu_301_p2  |         +|   0|  0|  23|          16|           1|
    |add_ln41_fu_323_p2    |         +|   0|  0|  71|          64|          64|
    |c_1_fu_365_p2         |         +|   0|  0|  23|          16|           1|
    |cmp58_fu_227_p2       |      icmp|   0|  0|  23|          16|           1|
    |cmp92_fu_232_p2       |      icmp|   0|  0|  21|          14|           1|
    |icmp_ln41_fu_296_p2   |      icmp|   0|  0|  23|          16|          16|
    |icmp_ln44_fu_360_p2   |      icmp|   0|  0|  23|          16|          16|
    |empty_27_fu_266_p3    |    select|   0|  0|  15|           1|          15|
    |empty_28_fu_274_p3    |    select|   0|  0|  30|           1|          30|
    |empty_fu_258_p3       |    select|   0|  0|  30|           1|          30|
    +----------------------+----------+----+---+----+------------+------------+
    |Total                 |          |   0|  0| 282|         161|         175|
    +----------------------+----------+----+---+----+------------+------------+

    * Multiplexer: 
    +------------------+----+-----------+-----+-----------+
    |       Name       | LUT| Input Size| Bits| Total Bits|
    +------------------+----+-----------+-----+-----------+
    |RD_BUS_0_ARADDR   |  14|          3|   64|        192|
    |RD_BUS_0_ARLEN    |  14|          3|   32|         96|
    |RD_BUS_0_ARVALID  |  14|          3|    1|          3|
    |RD_BUS_0_RREADY   |   9|          2|    1|          2|
    |RD_BUS_blk_n_AR   |   9|          2|    1|          2|
    |WR_BUS_0_AWVALID  |   9|          2|    1|          2|
    |WR_BUS_0_BREADY   |   9|          2|    1|          2|
    |WR_BUS_0_WVALID   |   9|          2|    1|          2|
    |ap_NS_fsm         |  97|         19|    1|         19|
    |c_reg_164         |   9|          2|   16|         32|
    |px_address0       |  14|          3|    6|         18|
    |px_ce0            |  14|          3|    1|          3|
    |px_we0            |   9|          2|    1|          2|
    |r_fu_120          |   9|          2|   16|         32|
    +------------------+----+-----------+-----+-----------+
    |Total             | 239|         50|  143|        407|
    +------------------+----+-----------+-----+-----------+

    * Register: 
    +-------------------------------------------------------------------------------------------------+----+----+-----+-----------+
    |                                               Name                                              | FF | LUT| Bits| Const Bits|
    +-------------------------------------------------------------------------------------------------+----+----+-----+-----------+
    |add_ln41_1_reg_466                                                                               |  16|   0|   16|          0|
    |add_ln44_reg_505                                                                                 |  32|   0|   32|          0|
    |and_ln41_1_reg_435                                                                               |  14|   0|   15|          1|
    |and_ln41_cast_reg_440                                                                            |  14|   0|   31|         17|
    |ap_CS_fsm                                                                                        |  18|   0|   18|          0|
    |c_1_reg_495                                                                                      |  16|   0|   16|          0|
    |c_reg_164                                                                                        |  16|   0|   16|          0|
    |ch_words_reg_414                                                                                 |  14|   0|   14|          0|
    |empty_27_reg_445                                                                                 |  14|   0|   15|          1|
    |grp_upsample_engine_Pipeline_UPSAMPLE_READ_fu_175_ap_start_reg                                   |   1|   0|    1|          0|
    |grp_upsample_engine_Pipeline_VITIS_LOOP_65_1_VITIS_LOOP_66_2_UPSAMPLE_WRITE_fu_184_ap_start_reg  |   1|   0|    1|          0|
    |ifmap_read_reg_409                                                                               |  64|   0|   64|          0|
    |img_h_read_reg_399                                                                               |  16|   0|   16|          0|
    |img_w_read_reg_392                                                                               |  16|   0|   16|          0|
    |mul_ln41_2_reg_471                                                                               |  32|   0|   32|          0|
    |mul_ln41_reg_424                                                                                 |  30|   0|   30|          0|
    |ofmap_read_reg_404                                                                               |  64|   0|   64|          0|
    |p_cast7_reg_450                                                                                  |  30|   0|   64|         34|
    |r_fu_120                                                                                         |  16|   0|   16|          0|
    |shl_ln_reg_487                                                                                   |  30|   0|   32|          2|
    |tmp_4_reg_455                                                                                    |  14|   0|   16|          2|
    |trunc_ln44_1_reg_476                                                                             |  62|   0|   62|          0|
    |zext_ln41_reg_430                                                                                |  30|   0|   32|          2|
    +-------------------------------------------------------------------------------------------------+----+----+-----+-----------+
    |Total                                                                                            | 560|   0|  619|         59|
    +-------------------------------------------------------------------------------------------------+----+----+-----+-----------+



================================================================
== Interface
================================================================
* Summary: 
+-----------------------+-----+-----+------------+-----------------+--------------+
|       RTL Ports       | Dir | Bits|  Protocol  |  Source Object  |    C Type    |
+-----------------------+-----+-----+------------+-----------------+--------------+
|s_axi_CTRL_AWVALID     |   in|    1|       s_axi|             CTRL|        scalar|
|s_axi_CTRL_AWREADY     |  out|    1|       s_axi|             CTRL|        scalar|
|s_axi_CTRL_AWADDR      |   in|    6|       s_axi|             CTRL|        scalar|
|s_axi_CTRL_WVALID      |   in|    1|       s_axi|             CTRL|        scalar|
|s_axi_CTRL_WREADY      |  out|    1|       s_axi|             CTRL|        scalar|
|s_axi_CTRL_WDATA       |   in|   32|       s_axi|             CTRL|        scalar|
|s_axi_CTRL_WSTRB       |   in|    4|       s_axi|             CTRL|        scalar|
|s_axi_CTRL_ARVALID     |   in|    1|       s_axi|             CTRL|        scalar|
|s_axi_CTRL_ARREADY     |  out|    1|       s_axi|             CTRL|        scalar|
|s_axi_CTRL_ARADDR      |   in|    6|       s_axi|             CTRL|        scalar|
|s_axi_CTRL_RVALID      |  out|    1|       s_axi|             CTRL|        scalar|
|s_axi_CTRL_RREADY      |   in|    1|       s_axi|             CTRL|        scalar|
|s_axi_CTRL_RDATA       |  out|   32|       s_axi|             CTRL|        scalar|
|s_axi_CTRL_RRESP       |  out|    2|       s_axi|             CTRL|        scalar|
|s_axi_CTRL_BVALID      |  out|    1|       s_axi|             CTRL|        scalar|
|s_axi_CTRL_BREADY      |   in|    1|       s_axi|             CTRL|        scalar|
|s_axi_CTRL_BRESP       |  out|    2|       s_axi|             CTRL|        scalar|
|ap_clk                 |   in|    1|  ap_ctrl_hs|  upsample_engine|  return value|
|ap_rst_n               |   in|    1|  ap_ctrl_hs|  upsample_engine|  return value|
|interrupt              |  out|    1|  ap_ctrl_hs|  upsample_engine|  return value|
|m_axi_RD_BUS_AWVALID   |  out|    1|       m_axi|           RD_BUS|       pointer|
|m_axi_RD_BUS_AWREADY   |   in|    1|       m_axi|           RD_BUS|       pointer|
|m_axi_RD_BUS_AWADDR    |  out|   64|       m_axi|           RD_BUS|       pointer|
|m_axi_RD_BUS_AWID      |  out|    1|       m_axi|           RD_BUS|       pointer|
|m_axi_RD_BUS_AWLEN     |  out|    8|       m_axi|           RD_BUS|       pointer|
|m_axi_RD_BUS_AWSIZE    |  out|    3|       m_axi|           RD_BUS|       pointer|
|m_axi_RD_BUS_AWBURST   |  out|    2|       m_axi|           RD_BUS|       pointer|
|m_axi_RD_BUS_AWLOCK    |  out|    2|       m_axi|           RD_BUS|       pointer|
|m_axi_RD_BUS_AWCACHE   |  out|    4|       m_axi|           RD_BUS|       pointer|
|m_axi_RD_BUS_AWPROT    |  out|    3|       m_axi|           RD_BUS|       pointer|
|m_axi_RD_BUS_AWQOS     |  out|    4|       m_axi|           RD_BUS|       pointer|
|m_axi_RD_BUS_AWREGION  |  out|    4|       m_axi|           RD_BUS|       pointer|
|m_axi_RD_BUS_AWUSER    |  out|    1|       m_axi|           RD_BUS|       pointer|
|m_axi_RD_BUS_WVALID    |  out|    1|       m_axi|           RD_BUS|       pointer|
|m_axi_RD_BUS_WREADY    |   in|    1|       m_axi|           RD_BUS|       pointer|
|m_axi_RD_BUS_WDATA     |  out|   32|       m_axi|           RD_BUS|       pointer|
|m_axi_RD_BUS_WSTRB     |  out|    4|       m_axi|           RD_BUS|       pointer|
|m_axi_RD_BUS_WLAST     |  out|    1|       m_axi|           RD_BUS|       pointer|
|m_axi_RD_BUS_WID       |  out|    1|       m_axi|           RD_BUS|       pointer|
|m_axi_RD_BUS_WUSER     |  out|    1|       m_axi|           RD_BUS|       pointer|
|m_axi_RD_BUS_ARVALID   |  out|    1|       m_axi|           RD_BUS|       pointer|
|m_axi_RD_BUS_ARREADY   |   in|    1|       m_axi|           RD_BUS|       pointer|
|m_axi_RD_BUS_ARADDR    |  out|   64|       m_axi|           RD_BUS|       pointer|
|m_axi_RD_BUS_ARID      |  out|    1|       m_axi|           RD_BUS|       pointer|
|m_axi_RD_BUS_ARLEN     |  out|    8|       m_axi|           RD_BUS|       pointer|
|m_axi_RD_BUS_ARSIZE    |  out|    3|       m_axi|           RD_BUS|       pointer|
|m_axi_RD_BUS_ARBURST   |  out|    2|       m_axi|           RD_BUS|       pointer|
|m_axi_RD_BUS_ARLOCK    |  out|    2|       m_axi|           RD_BUS|       pointer|
|m_axi_RD_BUS_ARCACHE   |  out|    4|       m_axi|           RD_BUS|       pointer|
|m_axi_RD_BUS_ARPROT    |  out|    3|       m_axi|           RD_BUS|       pointer|
|m_axi_RD_BUS_ARQOS     |  out|    4|       m_axi|           RD_BUS|       pointer|
|m_axi_RD_BUS_ARREGION  |  out|    4|       m_axi|           RD_BUS|       pointer|
|m_axi_RD_BUS_ARUSER    |  out|    1|       m_axi|           RD_BUS|       pointer|
|m_axi_RD_BUS_RVALID    |   in|    1|       m_axi|           RD_BUS|       pointer|
|m_axi_RD_BUS_RREADY    |  out|    1|       m_axi|           RD_BUS|       pointer|
|m_axi_RD_BUS_RDATA     |   in|   32|       m_axi|           RD_BUS|       pointer|
|m_axi_RD_BUS_RLAST     |   in|    1|       m_axi|           RD_BUS|       pointer|
|m_axi_RD_BUS_RID       |   in|    1|       m_axi|           RD_BUS|       pointer|
|m_axi_RD_BUS_RUSER     |   in|    1|       m_axi|           RD_BUS|       pointer|
|m_axi_RD_BUS_RRESP     |   in|    2|       m_axi|           RD_BUS|       pointer|
|m_axi_RD_BUS_BVALID    |   in|    1|       m_axi|           RD_BUS|       pointer|
|m_axi_RD_BUS_BREADY    |  out|    1|       m_axi|           RD_BUS|       pointer|
|m_axi_RD_BUS_BRESP     |   in|    2|       m_axi|           RD_BUS|       pointer|
|m_axi_RD_BUS_BID       |   in|    1|       m_axi|           RD_BUS|       pointer|
|m_axi_RD_BUS_BUSER     |   in|    1|       m_axi|           RD_BUS|       pointer|
|m_axi_WR_BUS_AWVALID   |  out|    1|       m_axi|           WR_BUS|       pointer|
|m_axi_WR_BUS_AWREADY   |   in|    1|       m_axi|           WR_BUS|       pointer|
|m_axi_WR_BUS_AWADDR    |  out|   64|       m_axi|           WR_BUS|       pointer|
|m_axi_WR_BUS_AWID      |  out|    1|       m_axi|           WR_BUS|       pointer|
|m_axi_WR_BUS_AWLEN     |  out|    8|       m_axi|           WR_BUS|       pointer|
|m_axi_WR_BUS_AWSIZE    |  out|    3|       m_axi|           WR_BUS|       pointer|
|m_axi_WR_BUS_AWBURST   |  out|    2|       m_axi|           WR_BUS|       pointer|
|m_axi_WR_BUS_AWLOCK    |  out|    2|       m_axi|           WR_BUS|       pointer|
|m_axi_WR_BUS_AWCACHE   |  out|    4|       m_axi|           WR_BUS|       pointer|
|m_axi_WR_BUS_AWPROT    |  out|    3|       m_axi|           WR_BUS|       pointer|
|m_axi_WR_BUS_AWQOS     |  out|    4|       m_axi|           WR_BUS|       pointer|
|m_axi_WR_BUS_AWREGION  |  out|    4|       m_axi|           WR_BUS|       pointer|
|m_axi_WR_BUS_AWUSER    |  out|    1|       m_axi|           WR_BUS|       pointer|
|m_axi_WR_BUS_WVALID    |  out|    1|       m_axi|           WR_BUS|       pointer|
|m_axi_WR_BUS_WREADY    |   in|    1|       m_axi|           WR_BUS|       pointer|
|m_axi_WR_BUS_WDATA     |  out|   32|       m_axi|           WR_BUS|       pointer|
|m_axi_WR_BUS_WSTRB     |  out|    4|       m_axi|           WR_BUS|       pointer|
|m_axi_WR_BUS_WLAST     |  out|    1|       m_axi|           WR_BUS|       pointer|
|m_axi_WR_BUS_WID       |  out|    1|       m_axi|           WR_BUS|       pointer|
|m_axi_WR_BUS_WUSER     |  out|    1|       m_axi|           WR_BUS|       pointer|
|m_axi_WR_BUS_ARVALID   |  out|    1|       m_axi|           WR_BUS|       pointer|
|m_axi_WR_BUS_ARREADY   |   in|    1|       m_axi|           WR_BUS|       pointer|
|m_axi_WR_BUS_ARADDR    |  out|   64|       m_axi|           WR_BUS|       pointer|
|m_axi_WR_BUS_ARID      |  out|    1|       m_axi|           WR_BUS|       pointer|
|m_axi_WR_BUS_ARLEN     |  out|    8|       m_axi|           WR_BUS|       pointer|
|m_axi_WR_BUS_ARSIZE    |  out|    3|       m_axi|           WR_BUS|       pointer|
|m_axi_WR_BUS_ARBURST   |  out|    2|       m_axi|           WR_BUS|       pointer|
|m_axi_WR_BUS_ARLOCK    |  out|    2|       m_axi|           WR_BUS|       pointer|
|m_axi_WR_BUS_ARCACHE   |  out|    4|       m_axi|           WR_BUS|       pointer|
|m_axi_WR_BUS_ARPROT    |  out|    3|       m_axi|           WR_BUS|       pointer|
|m_axi_WR_BUS_ARQOS     |  out|    4|       m_axi|           WR_BUS|       pointer|
|m_axi_WR_BUS_ARREGION  |  out|    4|       m_axi|           WR_BUS|       pointer|
|m_axi_WR_BUS_ARUSER    |  out|    1|       m_axi|           WR_BUS|       pointer|
|m_axi_WR_BUS_RVALID    |   in|    1|       m_axi|           WR_BUS|       pointer|
|m_axi_WR_BUS_RREADY    |  out|    1|       m_axi|           WR_BUS|       pointer|
|m_axi_WR_BUS_RDATA     |   in|   32|       m_axi|           WR_BUS|       pointer|
|m_axi_WR_BUS_RLAST     |   in|    1|       m_axi|           WR_BUS|       pointer|
|m_axi_WR_BUS_RID       |   in|    1|       m_axi|           WR_BUS|       pointer|
|m_axi_WR_BUS_RUSER     |   in|    1|       m_axi|           WR_BUS|       pointer|
|m_axi_WR_BUS_RRESP     |   in|    2|       m_axi|           WR_BUS|       pointer|
|m_axi_WR_BUS_BVALID    |   in|    1|       m_axi|           WR_BUS|       pointer|
|m_axi_WR_BUS_BREADY    |  out|    1|       m_axi|           WR_BUS|       pointer|
|m_axi_WR_BUS_BRESP     |   in|    2|       m_axi|           WR_BUS|       pointer|
|m_axi_WR_BUS_BID       |   in|    1|       m_axi|           WR_BUS|       pointer|
|m_axi_WR_BUS_BUSER     |   in|    1|       m_axi|           WR_BUS|       pointer|
+-----------------------+-----+-----+------------+-----------------+--------------+

