Copyright 1986-2022 Xilinx, Inc. All Rights Reserved. Copyright 2022-2024 Advanced Micro Devices, Inc. All Rights Reserved.
---------------------------------------------------------------------------------------------------------------------------------------------
| Tool Version : Vivado v.2024.2 (win64) Build 5239630 Fri Nov 08 22:35:27 MST 2024
| Date         : Fri Aug  7 01:45:20 2026
| Host         : DESKTOP-2TJ4IOM running 64-bit major release  (build 9200)
| Command      : report_utilization -file system_bringup_wrapper_utilization_placed.rpt -pb system_bringup_wrapper_utilization_placed.pb
| Design       : system_bringup_wrapper
| Device       : xck26-sfvc784-2LV-c
| Speed File   : -2LV
| Design State : Fully Placed
---------------------------------------------------------------------------------------------------------------------------------------------

Utilization Design Information

Table of Contents
-----------------
1. CLB Logic
1.1 Summary of Registers by Type
2. CLB Logic Distribution
3. BLOCKRAM
4. ARITHMETIC
5. I/O
6. CLOCK
7. ADVANCED
8. CONFIGURATION
9. Primitives
10. Black Boxes
11. Instantiated Netlists

1. CLB Logic
------------

+----------------------------+-------+-------+------------+-----------+-------+
|          Site Type         |  Used | Fixed | Prohibited | Available | Util% |
+----------------------------+-------+-------+------------+-----------+-------+
| CLB LUTs                   | 74868 |     0 |          0 |    117120 | 63.92 |
|   LUT as Logic             | 60934 |     0 |          0 |    117120 | 52.03 |
|   LUT as Memory            | 13934 |     0 |          0 |     57600 | 24.19 |
|     LUT as Distributed RAM | 12460 |     0 |            |           |       |
|     LUT as Shift Register  |  1474 |     0 |            |           |       |
| CLB Registers              | 69690 |     0 |          0 |    234240 | 29.75 |
|   Register as Flip Flop    | 69690 |     0 |          0 |    234240 | 29.75 |
|   Register as Latch        |     0 |     0 |          0 |    234240 |  0.00 |
| CARRY8                     |  4222 |     0 |          0 |     14640 | 28.84 |
| F7 Muxes                   |  4726 |     0 |          0 |     58560 |  8.07 |
| F8 Muxes                   |   108 |     0 |          0 |     29280 |  0.37 |
| F9 Muxes                   |     0 |     0 |          0 |     14640 |  0.00 |
+----------------------------+-------+-------+------------+-----------+-------+
* Warning! LUT value is adjusted to account for LUT combining.


1.1 Summary of Registers by Type
--------------------------------

+-------+--------------+-------------+--------------+
| Total | Clock Enable | Synchronous | Asynchronous |
+-------+--------------+-------------+--------------+
| 0     |            _ |           - |            - |
| 0     |            _ |           - |          Set |
| 0     |            _ |           - |        Reset |
| 0     |            _ |         Set |            - |
| 0     |            _ |       Reset |            - |
| 0     |          Yes |           - |            - |
| 33    |          Yes |           - |          Set |
| 225   |          Yes |           - |        Reset |
| 499   |          Yes |         Set |            - |
| 68933 |          Yes |       Reset |            - |
+-------+--------------+-------------+--------------+


2. CLB Logic Distribution
-------------------------

+--------------------------------------------+-------+-------+------------+-----------+-------+
|                  Site Type                 |  Used | Fixed | Prohibited | Available | Util% |
+--------------------------------------------+-------+-------+------------+-----------+-------+
| CLB                                        | 13763 |     0 |          0 |     14640 | 94.01 |
|   CLBL                                     |  7015 |     0 |            |           |       |
|   CLBM                                     |  6748 |     0 |            |           |       |
| LUT as Logic                               | 60934 |     0 |          0 |    117120 | 52.03 |
|   using O5 output only                     |   579 |       |            |           |       |
|   using O6 output only                     | 45525 |       |            |           |       |
|   using O5 and O6                          | 14830 |       |            |           |       |
| LUT as Memory                              | 13934 |     0 |          0 |     57600 | 24.19 |
|   LUT as Distributed RAM                   | 12460 |     0 |            |           |       |
|     using O5 output only                   |     0 |       |            |           |       |
|     using O6 output only                   |  8364 |       |            |           |       |
|     using O5 and O6                        |  4096 |       |            |           |       |
|   LUT as Shift Register                    |  1474 |     0 |            |           |       |
|     using O5 output only                   |     1 |       |            |           |       |
|     using O6 output only                   |   774 |       |            |           |       |
|     using O5 and O6                        |   699 |       |            |           |       |
| CLB Registers                              | 69690 |     0 |          0 |    234240 | 29.75 |
|   Register driven from within the CLB      | 40175 |       |            |           |       |
|   Register driven from outside the CLB     | 29515 |       |            |           |       |
|     LUT in front of the register is unused | 13759 |       |            |           |       |
|     LUT in front of the register is used   | 15756 |       |            |           |       |
| Unique Control Sets                        |  3129 |       |          0 |     29280 | 10.69 |
+--------------------------------------------+-------+-------+------------+-----------+-------+
* * Note: Available Control Sets calculated as Slices * 2, Review the Control Sets Report for more information regarding control sets.


3. BLOCKRAM
-----------

+-------------------+------+-------+------------+-----------+-------+
|     Site Type     | Used | Fixed | Prohibited | Available | Util% |
+-------------------+------+-------+------------+-----------+-------+
| Block RAM Tile    |   92 |     0 |          0 |       144 | 63.89 |
|   RAMB36/FIFO*    |   68 |     0 |          0 |       144 | 47.22 |
|     RAMB36E2 only |   68 |       |            |           |       |
|   RAMB18          |   48 |     0 |          0 |       288 | 16.67 |
|     RAMB18E2 only |   48 |       |            |           |       |
| URAM              |    0 |     0 |          0 |        64 |  0.00 |
+-------------------+------+-------+------------+-----------+-------+
* Note: Each Block RAM Tile only has one FIFO logic available and therefore can accommodate only one FIFO36E2 or one FIFO18E2. However, if a FIFO18E2 occupies a Block RAM Tile, that tile can still accommodate a RAMB18E2


4. ARITHMETIC
-------------

+----------------+------+-------+------------+-----------+-------+
|    Site Type   | Used | Fixed | Prohibited | Available | Util% |
+----------------+------+-------+------------+-----------+-------+
| DSPs           |  420 |     0 |          0 |      1248 | 33.65 |
|   DSP48E2 only |  420 |       |            |           |       |
+----------------+------+-------+------------+-----------+-------+


5. I/O
------

+------------------+------+-------+------------+-----------+-------+
|     Site Type    | Used | Fixed | Prohibited | Available | Util% |
+------------------+------+-------+------------+-----------+-------+
| Bonded IOB       |    2 |     2 |          0 |       189 |  1.06 |
| HPIOB_M          |    0 |     0 |          0 |        58 |  0.00 |
| HPIOB_S          |    0 |     0 |          0 |        58 |  0.00 |
| HDIOB_M          |    1 |     1 |          0 |        35 |  2.86 |
|   INPUT          |    0 |       |            |           |       |
|   OUTPUT         |    1 |       |            |           |       |
|   BIDIR          |    0 |       |            |           |       |
| HDIOB_S          |    1 |     1 |          0 |        35 |  2.86 |
|   INPUT          |    1 |       |            |           |       |
|   OUTPUT         |    0 |       |            |           |       |
|   BIDIR          |    0 |       |            |           |       |
| HPIOB_SNGL       |    0 |     0 |          0 |         3 |  0.00 |
| HPIOBDIFFINBUF   |    0 |     0 |          0 |        82 |  0.00 |
| HPIOBDIFFOUTBUF  |    0 |     0 |          0 |        82 |  0.00 |
| HDIOBDIFFINBUF   |    0 |     0 |          0 |        35 |  0.00 |
| BITSLICE_CONTROL |    0 |     0 |          0 |        32 |  0.00 |
| BITSLICE_RX_TX   |    0 |     0 |          0 |      1248 |  0.00 |
| BITSLICE_TX      |    0 |     0 |          0 |        32 |  0.00 |
| RIU_OR           |    0 |     0 |          0 |        16 |  0.00 |
+------------------+------+-------+------------+-----------+-------+


6. CLOCK
--------

+------------+------+-------+------------+-----------+-------+
|  Site Type | Used | Fixed | Prohibited | Available | Util% |
+------------+------+-------+------------+-----------+-------+
| BUFGCE     |    3 |     0 |          0 |       112 |  2.68 |
| BUFGCE_DIV |    0 |     0 |          0 |        16 |  0.00 |
| BUFG_GT    |    0 |     0 |          0 |        96 |  0.00 |
| BUFG_PS    |    1 |     0 |          0 |        96 |  1.04 |
| BUFGCTRL*  |    0 |     0 |          0 |        32 |  0.00 |
| PLL        |    0 |     0 |          0 |         8 |  0.00 |
| MMCM       |    0 |     0 |          0 |         4 |  0.00 |
+------------+------+-------+------------+-----------+-------+
* Note: Each used BUFGCTRL counts as two GLOBAL CLOCK BUFFERs. This table does not include global clocking resources, only buffer cell usage. See the Clock Utilization Report (report_clock_utilization) for detailed accounting of global clocking resource availability.


7. ADVANCED
-----------

+-----------------+------+-------+------------+-----------+--------+
|    Site Type    | Used | Fixed | Prohibited | Available |  Util% |
+-----------------+------+-------+------------+-----------+--------+
| GTHE4_CHANNEL   |    0 |     0 |          0 |         4 |   0.00 |
| GTHE4_COMMON    |    0 |     0 |          0 |         1 |   0.00 |
| OBUFDS_GTE4     |    0 |     0 |          0 |         2 |   0.00 |
| OBUFDS_GTE4_ADV |    0 |     0 |          0 |         2 |   0.00 |
| PCIE40E4        |    0 |     0 |          0 |         2 |   0.00 |
| PS8             |    1 |     0 |          0 |         1 | 100.00 |
| SYSMONE4        |    0 |     0 |          0 |         1 |   0.00 |
| VCU             |    0 |     0 |          0 |         1 |   0.00 |
+-----------------+------+-------+------------+-----------+--------+


8. CONFIGURATION
----------------

+-------------+------+-------+------------+-----------+-------+
|  Site Type  | Used | Fixed | Prohibited | Available | Util% |
+-------------+------+-------+------------+-----------+-------+
| BSCANE2     |    0 |     0 |          0 |         4 |  0.00 |
| DNA_PORTE2  |    0 |     0 |          0 |         1 |  0.00 |
| EFUSE_USR   |    0 |     0 |          0 |         1 |  0.00 |
| FRAME_ECCE4 |    0 |     0 |          0 |         1 |  0.00 |
| ICAPE3      |    0 |     0 |          0 |         2 |  0.00 |
| MASTER_JTAG |    0 |     0 |          0 |         1 |  0.00 |
| STARTUPE3   |    0 |     0 |          0 |         1 |  0.00 |
+-------------+------+-------+------------+-----------+-------+


9. Primitives
-------------

+----------+-------+---------------------+
| Ref Name |  Used | Functional Category |
+----------+-------+---------------------+
| FDRE     | 68933 |            Register |
| LUT6     | 20189 |                 CLB |
| LUT3     | 15342 |                 CLB |
| LUT4     | 14490 |                 CLB |
| LUT5     | 11944 |                 CLB |
| LUT2     | 11756 |                 CLB |
| RAMS64E  |  8224 |                 CLB |
| RAMS32   |  5154 |                 CLB |
| MUXF7    |  4726 |                 CLB |
| CARRY8   |  4222 |                 CLB |
| RAMD32   |  3050 |                 CLB |
| LUT1     |  2043 |                 CLB |
| SRL16E   |  1792 |                 CLB |
| FDSE     |   499 |            Register |
| DSP48E2  |   420 |          Arithmetic |
| SRLC32E  |   381 |                 CLB |
| FDCE     |   225 |            Register |
| RAMD64E  |   128 |                 CLB |
| MUXF8    |   108 |                 CLB |
| RAMB36E2 |    68 |            BLOCKRAM |
| RAMB18E2 |    48 |            BLOCKRAM |
| FDPE     |    33 |            Register |
| BUFGCE   |     3 |               Clock |
| PS8      |     1 |            Advanced |
| OBUF     |     1 |                 I/O |
| INBUF    |     1 |                 I/O |
| IBUFCTRL |     1 |              Others |
| BUFG_PS  |     1 |               Clock |
+----------+-------+---------------------+


10. Black Boxes
---------------

+----------+------+
| Ref Name | Used |
+----------+------+


11. Instantiated Netlists
-------------------------

+-----------------------------------------------+------+
|                    Ref Name                   | Used |
+-----------------------------------------------+------+
| system_bringup_zynq_ultra_ps_e_0_0            |    1 |
| system_bringup_upsample_engine_0_0            |    1 |
| system_bringup_smartconnect_hp0_0             |    1 |
| system_bringup_rst_ps8_0_199M_0               |    1 |
| system_bringup_route_concat_engine_0_0        |    1 |
| system_bringup_ps8_0_axi_periph_imp_xbar_0    |    1 |
| system_bringup_ps8_0_axi_periph_imp_auto_pc_0 |    1 |
| system_bringup_ps8_0_axi_periph_imp_auto_ds_0 |    1 |
| system_bringup_maxpool_engine_0_0             |    1 |
| system_bringup_conv_engine_0_0                |    1 |
| system_bringup_conv0_engine_0_0               |    1 |
+-----------------------------------------------+------+


