

================================================================
== Synthesis Summary Report of 'route_concat_engine'
================================================================
+ General Information: 
    * Date:           Tue Aug  4 14:41:43 2026
    * Version:        2024.2 (Build 5238294 on Nov  8 2024)
    * Project:        pool_upsample_route_prj
    * Solution:       solution_route_concat (Vivado IP Flow Target)
    * Product family: zynquplus
    * Target device:  xck26-sfvc784-2LV-c
    

+ Performance & Resource Estimates: 
    
    PS: '+' for module; 'o' for loop; '*' for dataflow
    +---------------------------------------------+------+------+---------+-----------+----------+---------+------+----------+--------+---------+------------+------------+-----+
    |                   Modules                   | Issue|      | Latency |  Latency  | Iteration|         | Trip |          |        |         |            |            |     |
    |                   & Loops                   | Type | Slack| (cycles)|    (ns)   |  Latency | Interval| Count| Pipelined|  BRAM  |   DSP   |     FF     |     LUT    | URAM|
    +---------------------------------------------+------+------+---------+-----------+----------+---------+------+----------+--------+---------+------------+------------+-----+
    |+ route_concat_engine                        |     -|  0.00|   688257|  3.441e+06|         -|   688258|     -|        no|  4 (1%)|  25 (2%)|   5858 (2%)|  11248 (9%)|    -|
    | o ROW_LOOP                                  |     -|  3.65|   688256|  3.441e+06|     10754|        -|    64|        no|       -|        -|           -|           -|    -|
    |  o COL_LOOP                                 |     -|  3.65|    10752|  5.376e+04|       168|        -|    64|        no|       -|        -|           -|           -|    -|
    |   + route_concat_engine_Pipeline_SRC0_COPY  |     -|  0.00|       70|    350.000|         -|       70|     -|        no|       -|  8 (~0%)|  1443 (~0%)|   3726 (3%)|    -|
    |    o SRC0_COPY                              |     -|  3.65|       68|    340.000|         6|        1|    64|       yes|       -|        -|           -|           -|    -|
    |   + route_concat_engine_Pipeline_SRC1_COPY  |     -|  0.00|       70|    350.000|         -|       70|     -|        no|       -|  8 (~0%)|  1443 (~0%)|   3726 (3%)|    -|
    |    o SRC1_COPY                              |     -|  3.65|       68|    340.000|         6|        1|    64|       yes|       -|        -|           -|           -|    -|
    +---------------------------------------------+------+------+---------+-----------+----------+---------+------+----------+--------+---------+------------+------------+-----+


================================================================
== HW Interfaces
================================================================
* M_AXI
+--------------+------------+------------+---------------+---------+--------+-------------------+----------+-----------+--------------+--------------+-------------+-------------+-------------------+
| Interface    | Read/Write | Data Width | Address Width | Latency | Offset | Offset Interfaces | Register | Max Widen | Max Read     | Max Write    | Num Read    | Num Write   | Resource Estimate |
|              |            | (SW->HW)   |               |         |        |                   |          | Bitwidth  | Burst Length | Burst Length | Outstanding | Outstanding |                   |
+--------------+------------+------------+---------------+---------+--------+-------------------+----------+-----------+--------------+--------------+-------------+-------------+-------------------+
| m_axi_RD_BUS | READ_ONLY  | 32 -> 32   | 64            | 0       | slave  | s_axi_CTRL        | 0        | 0         | 16           | 16           | 16          | 16          | BRAM=2            |
| m_axi_WR_BUS | WRITE_ONLY | 32 -> 32   | 64            | 0       | slave  | s_axi_CTRL        | 0        | 0         | 16           | 16           | 16          | 16          | BRAM=2            |
+--------------+------------+------------+---------------+---------+--------+-------------------+----------+-----------+--------------+--------------+-------------+-------------+-------------------+

* S_AXILITE Interfaces
+------------+------------+---------------+--------+----------+----------------+
| Interface  | Data Width | Address Width | Offset | Register | Data Interface |
+------------+------------+---------------+--------+----------+----------------+
| s_axi_CTRL | 32         | 8             | 16     | 0        | m_axi_WR_BUS   |
+------------+------------+---------------+--------+----------+----------------+

* S_AXILITE Registers
+------------+-------------------------+--------+-------+--------+----------------------------------------+----------------------------------------------------------------------+
| Interface  | Register                | Offset | Width | Access | Description                            | Bit Fields                                                           |
+------------+-------------------------+--------+-------+--------+----------------------------------------+----------------------------------------------------------------------+
| s_axi_CTRL | CTRL                    | 0x00   | 32    | RW     | Control signals                        | 0=AP_START 1=AP_DONE 2=AP_IDLE 3=AP_READY 7=AUTO_RESTART 9=INTERRUPT |
| s_axi_CTRL | GIER                    | 0x04   | 32    | RW     | Global Interrupt Enable Register       | 0=Enable                                                             |
| s_axi_CTRL | IP_IER                  | 0x08   | 32    | RW     | IP Interrupt Enable Register           | 0=CHAN0_INT_EN 1=CHAN1_INT_EN                                        |
| s_axi_CTRL | IP_ISR                  | 0x0c   | 32    | RW     | IP Interrupt Status Register           | 0=CHAN0_INT_ST 1=CHAN1_INT_ST                                        |
| s_axi_CTRL | src0_1                  | 0x10   | 32    | W      | Data signal of src0                    |                                                                      |
| s_axi_CTRL | src0_2                  | 0x14   | 32    | W      | Data signal of src0                    |                                                                      |
| s_axi_CTRL | src1_1                  | 0x1c   | 32    | W      | Data signal of src1                    |                                                                      |
| s_axi_CTRL | src1_2                  | 0x20   | 32    | W      | Data signal of src1                    |                                                                      |
| s_axi_CTRL | ofmap_1                 | 0x28   | 32    | W      | Data signal of ofmap                   |                                                                      |
| s_axi_CTRL | ofmap_2                 | 0x2c   | 32    | W      | Data signal of ofmap                   |                                                                      |
| s_axi_CTRL | img_h                   | 0x34   | 32    | W      | Data signal of img_h                   |                                                                      |
| s_axi_CTRL | img_w                   | 0x3c   | 32    | W      | Data signal of img_w                   |                                                                      |
| s_axi_CTRL | ch0                     | 0x44   | 32    | W      | Data signal of ch0                     |                                                                      |
| s_axi_CTRL | ch1                     | 0x4c   | 32    | W      | Data signal of ch1                     |                                                                      |
| s_axi_CTRL | src0_requant_enable     | 0x54   | 32    | W      | Data signal of src0_requant_enable     |                                                                      |
| s_axi_CTRL | src0_requant_multiplier | 0x5c   | 32    | W      | Data signal of src0_requant_multiplier |                                                                      |
| s_axi_CTRL | src0_requant_shift      | 0x64   | 32    | W      | Data signal of src0_requant_shift      |                                                                      |
| s_axi_CTRL | src1_requant_enable     | 0x6c   | 32    | W      | Data signal of src1_requant_enable     |                                                                      |
| s_axi_CTRL | src1_requant_multiplier | 0x74   | 32    | W      | Data signal of src1_requant_multiplier |                                                                      |
| s_axi_CTRL | src1_requant_shift      | 0x7c   | 32    | W      | Data signal of src1_requant_shift      |                                                                      |
+------------+-------------------------+--------+-------+--------+----------------------------------------+----------------------------------------------------------------------+

* TOP LEVEL CONTROL
+-----------+------------+-----------+
| Interface | Type       | Ports     |
+-----------+------------+-----------+
| ap_clk    | clock      | ap_clk    |
| ap_rst_n  | reset      | ap_rst_n  |
| interrupt | interrupt  | interrupt |
| ap_ctrl   | ap_ctrl_hs |           |
+-----------+------------+-----------+


================================================================
== SW I/O Information
================================================================
* Top Function Arguments
+-------------------------+-----------+---------------------+
| Argument                | Direction | Datatype            |
+-------------------------+-----------+---------------------+
| src0                    | in        | ap_uint<32> const * |
| src1                    | in        | ap_uint<32> const * |
| ofmap                   | out       | ap_uint<32>*        |
| img_h                   | in        | unsigned short      |
| img_w                   | in        | unsigned short      |
| ch0                     | in        | unsigned short      |
| ch1                     | in        | unsigned short      |
| src0_requant_enable     | in        | unsigned char       |
| src0_requant_multiplier | in        | int                 |
| src0_requant_shift      | in        | unsigned char       |
| src1_requant_enable     | in        | unsigned char       |
| src1_requant_multiplier | in        | int                 |
| src1_requant_shift      | in        | unsigned char       |
+-------------------------+-----------+---------------------+

* SW-to-HW Mapping
+-------------------------+--------------+-----------+----------+---------------------------------------------------+
| Argument                | HW Interface | HW Type   | HW Usage | HW Info                                           |
+-------------------------+--------------+-----------+----------+---------------------------------------------------+
| src0                    | m_axi_RD_BUS | interface |          | channel=0                                         |
| src0                    | s_axi_CTRL   | register  | offset   | name=src0_1 offset=0x10 range=32                  |
| src0                    | s_axi_CTRL   | register  | offset   | name=src0_2 offset=0x14 range=32                  |
| src1                    | m_axi_RD_BUS | interface |          | channel=0                                         |
| src1                    | s_axi_CTRL   | register  | offset   | name=src1_1 offset=0x1c range=32                  |
| src1                    | s_axi_CTRL   | register  | offset   | name=src1_2 offset=0x20 range=32                  |
| ofmap                   | m_axi_WR_BUS | interface |          | channel=0                                         |
| ofmap                   | s_axi_CTRL   | register  | offset   | name=ofmap_1 offset=0x28 range=32                 |
| ofmap                   | s_axi_CTRL   | register  | offset   | name=ofmap_2 offset=0x2c range=32                 |
| img_h                   | s_axi_CTRL   | register  |          | name=img_h offset=0x34 range=32                   |
| img_w                   | s_axi_CTRL   | register  |          | name=img_w offset=0x3c range=32                   |
| ch0                     | s_axi_CTRL   | register  |          | name=ch0 offset=0x44 range=32                     |
| ch1                     | s_axi_CTRL   | register  |          | name=ch1 offset=0x4c range=32                     |
| src0_requant_enable     | s_axi_CTRL   | register  |          | name=src0_requant_enable offset=0x54 range=32     |
| src0_requant_multiplier | s_axi_CTRL   | register  |          | name=src0_requant_multiplier offset=0x5c range=32 |
| src0_requant_shift      | s_axi_CTRL   | register  |          | name=src0_requant_shift offset=0x64 range=32      |
| src1_requant_enable     | s_axi_CTRL   | register  |          | name=src1_requant_enable offset=0x6c range=32     |
| src1_requant_multiplier | s_axi_CTRL   | register  |          | name=src1_requant_multiplier offset=0x74 range=32 |
| src1_requant_shift      | s_axi_CTRL   | register  |          | name=src1_requant_shift offset=0x7c range=32      |
+-------------------------+--------------+-----------+----------+---------------------------------------------------+


================================================================
== M_AXI Burst Information
================================================================
 Note: All burst requests might be further partitioned into multiple requests during RTL generation based on max_read_burst_length or max_write_burst_length settings.

* Inferred Burst Summary
+--------------+-----------+----------+-------+-----------+-----------------------------------+
| HW Interface | Direction | Length   | Width | Loop      | Loop Location                     |
+--------------+-----------+----------+-------+-----------+-----------------------------------+
| m_axi_RD_BUS | read      | variable | 32    | SRC0_COPY | HW/route_concat_engine.cpp:143:13 |
| m_axi_RD_BUS | read      | variable | 32    | SRC1_COPY | HW/route_concat_engine.cpp:163:13 |
| m_axi_WR_BUS | write     | variable | 32    | SRC0_COPY | HW/route_concat_engine.cpp:143:13 |
| m_axi_WR_BUS | write     | variable | 32    | SRC1_COPY | HW/route_concat_engine.cpp:163:13 |
+--------------+-----------+----------+-------+-----------+-----------------------------------+

* All M_AXI Variable Accesses
+--------------+----------+-----------------------------------+-----------+--------------+----------+-----------+-----------------------------------+------------+-------------------------------------------------------------------------------------------------------+
| HW Interface | Variable | Access Location                   | Direction | Burst Status | Length   | Loop      | Loop Location                     | Resolution | Problem                                                                                               |
+--------------+----------+-----------------------------------+-----------+--------------+----------+-----------+-----------------------------------+------------+-------------------------------------------------------------------------------------------------------+
| m_axi_RD_BUS | src0     | HW/route_concat_engine.cpp:143:13 | read      | Widen Fail   |          | SRC0_COPY | HW/route_concat_engine.cpp:143:13 | 214-353    | Could not widen since type i32 size is greater than or equal to the max_widen_bitwidth threshold of 0 |
| m_axi_RD_BUS | src0     | HW/route_concat_engine.cpp:143:13 | read      | Fail         |          |           |                                   | 214-231    | Access is clobbered by load                                                                           |
| m_axi_RD_BUS | src0     | HW/route_concat_engine.cpp:143:13 | read      | Inferred     | variable | SRC0_COPY | HW/route_concat_engine.cpp:143:13 |            |                                                                                                       |
| m_axi_RD_BUS | src1     | HW/route_concat_engine.cpp:163:13 | read      | Widen Fail   |          | SRC1_COPY | HW/route_concat_engine.cpp:163:13 | 214-353    | Could not widen since type i32 size is greater than or equal to the max_widen_bitwidth threshold of 0 |
| m_axi_RD_BUS | src1     | HW/route_concat_engine.cpp:163:13 | read      | Fail         |          |           |                                   | 214-231    | Access is clobbered by load                                                                           |
| m_axi_RD_BUS | src1     | HW/route_concat_engine.cpp:163:13 | read      | Inferred     | variable | SRC1_COPY | HW/route_concat_engine.cpp:163:13 |            |                                                                                                       |
| m_axi_WR_BUS | ofmap    | HW/route_concat_engine.cpp:157:53 | write     | Widen Fail   |          | SRC0_COPY | HW/route_concat_engine.cpp:143:13 | 214-353    | Could not widen since type i32 size is greater than or equal to the max_widen_bitwidth threshold of 0 |
| m_axi_WR_BUS | ofmap    | HW/route_concat_engine.cpp:157:53 | write     | Fail         |          | COL_LOOP  | HW/route_concat_engine.cpp:136:9  | 214-230    | Stride is incompatible                                                                                |
| m_axi_WR_BUS | ofmap    | HW/route_concat_engine.cpp:157:53 | write     | Inferred     | variable | SRC0_COPY | HW/route_concat_engine.cpp:143:13 |            |                                                                                                       |
| m_axi_WR_BUS | ofmap    | HW/route_concat_engine.cpp:177:65 | write     | Widen Fail   |          | SRC1_COPY | HW/route_concat_engine.cpp:163:13 | 214-353    | Could not widen since type i32 size is greater than or equal to the max_widen_bitwidth threshold of 0 |
| m_axi_WR_BUS | ofmap    | HW/route_concat_engine.cpp:177:65 | write     | Fail         |          | COL_LOOP  | HW/route_concat_engine.cpp:136:9  | 214-230    | Stride is incompatible                                                                                |
| m_axi_WR_BUS | ofmap    | HW/route_concat_engine.cpp:177:65 | write     | Inferred     | variable | SRC1_COPY | HW/route_concat_engine.cpp:163:13 |            |                                                                                                       |
+--------------+----------+-----------------------------------+-----------+--------------+----------+-----------+-----------------------------------+------------+-------------------------------------------------------------------------------------------------------+

    * Resolution URL: docs.xilinx.com/access/sources/dita/topic?Doc_Version=2024.2%20English&url=ug1448-hls-guidance&resourceid=XXX-YYY.html (replace XXX-YYY with column value)

================================================================
== Bind Op Report
================================================================
+-------------------------------------------+-----+--------+----------------------+-----------+------------------------+---------+
| Name                                      | DSP | Pragma | Variable             | Op        | Impl                   | Latency |
+-------------------------------------------+-----+--------+----------------------+-----------+------------------------+---------+
| + route_concat_engine                     | 25  |        |                      |           |                        |         |
|   out_ch_fu_335_p2                        |     |        | out_ch               | add       | fabric                 | 0       |
|   sub_i_i124_i_i257_fu_403_p2             |     |        | sub_i_i124_i_i257    | add       | fabric                 | 0       |
|   conv_i_i9_i_i_i292_fu_409_p2            |     |        | conv_i_i9_i_i_i292   | sub       | fabric                 | 0       |
|   half_fu_423_p2                          |     |        | half                 | lshr      | auto_pipe              | 0       |
|   shl_i_i_i_i303_fu_441_p2                |     |        | shl_i_i_i_i303       | shl       | auto_pipe              | 0       |
|   sub_i_i124_i_i_fu_459_p2                |     |        | sub_i_i124_i_i       | add       | fabric                 | 0       |
|   conv_i_i9_i_i_i_fu_465_p2               |     |        | conv_i_i9_i_i_i      | sub       | fabric                 | 0       |
|   half_2_fu_479_p2                        |     |        | half_2               | lshr      | auto_pipe              | 0       |
|   shl_i_i_i_i_fu_497_p2                   |     |        | shl_i_i_i_i          | shl       | auto_pipe              | 0       |
|   add_ln133_fu_532_p2                     |     |        | add_ln133            | add       | fabric                 | 0       |
|   icmp_ln133_fu_537_p2                    |     |        | icmp_ln133           | seteq     | auto                   | 0       |
|   r_2_fu_542_p2                           |     |        | r_2                  | add       | fabric                 | 0       |
|   mul_32s_15ns_32_1_1_U43                 | 2   |        | empty_43             | mul       | auto                   | 0       |
|   icmp_ln136_fu_548_p2                    |     |        | icmp_ln136           | seteq     | auto                   | 0       |
|   add_ln136_fu_553_p2                     |     |        | add_ln136            | add       | fabric                 | 0       |
|   mac_muladd_16ns_15ns_14ns_31_4_1_U44    | 1   |        | mul_ln138            | mul       | dsp_slice              | 3       |
|   mac_muladd_16ns_15ns_14ns_31_4_1_U44    | 1   |        | add_ln138_3          | add       | dsp_slice              | 3       |
|   add_ln138_fu_661_p2                     |     |        | add_ln138            | add       | fabric                 | 0       |
|   add_ln138_1_fu_678_p2                   |     |        | add_ln138_1          | add       | fabric                 | 0       |
|   tmp_fu_567_p2                           |     |        | tmp                  | add       | fabric                 | 0       |
|   mul_32s_14ns_32_1_1_U41                 | 2   |        | mul_ln138_1          | mul       | auto                   | 0       |
|   add_ln138_2_fu_591_p2                   |     |        | add_ln138_2          | add       | fabric                 | 0       |
|   mul_15ns_32s_32_1_1_U40                 | 2   |        | mul_ln138_3          | mul       | auto                   | 0       |
|   add_ln138_4_fu_607_p2                   |     |        | add_ln138_4          | add       | fabric                 | 0       |
|   mul_32s_14ns_32_1_1_U42                 | 2   |        | mul_ln138_2          | mul       | auto                   | 0       |
|   add_ln138_5_fu_623_p2                   |     |        | add_ln138_5          | add       | fabric                 | 0       |
|  + route_concat_engine_Pipeline_SRC0_COPY | 8   |        |                      |           |                        |         |
|    enable_assign_fu_257_p2                |     |        | enable_assign        | seteq     | auto                   | 0       |
|    cmp_i_i_i_i234_fu_263_p2               |     |        | cmp_i_i_i_i234       | seteq     | auto                   | 0       |
|    icmp_ln143_fu_277_p2                   |     |        | icmp_ln143           | seteq     | auto                   | 0       |
|    add_ln143_fu_283_p2                    |     |        | add_ln143            | add       | fabric                 | 0       |
|    mul_32s_8s_40_1_1_U1                   | 2   |        | scaled               | mul       | auto                   | 0       |
|    mul_32s_8s_40_1_1_U2                   | 2   |        | scaled_4             | mul       | auto                   | 0       |
|    mul_32s_8s_40_1_1_U3                   | 2   |        | scaled_5             | mul       | auto                   | 0       |
|    mul_32s_8s_40_1_1_U4                   | 2   |        | scaled_6             | mul       | auto                   | 0       |
|    half_1_fu_363_p3                       |     |        | half_1               | select    | auto_sel               | 0       |
|    add_ln34_fu_373_p2                     |     |        | add_ln34             | add       | fabric                 | 0       |
|    ashr_ln34_fu_379_p2                    |     |        | ashr_ln34            | ashr      | auto_pipe              | 0       |
|    sub_ln36_fu_384_p2                     |     |        | sub_ln36             | sub       | fabric                 | 0       |
|    ashr_ln36_fu_390_p2                    |     |        | ashr_ln36            | ashr      | auto_pipe              | 0       |
|    sub_ln36_1_fu_486_p2                   |     |        | sub_ln36_1           | sub       | fabric                 | 0       |
|    agg_tmp_i181_1_ph_fu_491_p3            |     |        | agg_tmp_i181_1_ph    | select    | auto_sel               | 0       |
|    add_ln34_2_fu_395_p2                   |     |        | add_ln34_2           | add       | fabric                 | 0       |
|    ashr_ln34_1_fu_401_p2                  |     |        | ashr_ln34_1          | ashr      | auto_pipe              | 0       |
|    sub_ln36_4_fu_406_p2                   |     |        | sub_ln36_4           | sub       | fabric                 | 0       |
|    ashr_ln36_1_fu_412_p2                  |     |        | ashr_ln36_1          | ashr      | auto_pipe              | 0       |
|    sub_ln36_5_fu_505_p2                   |     |        | sub_ln36_5           | sub       | fabric                 | 0       |
|    agg_tmp_i181_1_1_ph_fu_510_p3          |     |        | agg_tmp_i181_1_1_ph  | select    | auto_sel               | 0       |
|    add_ln34_4_fu_417_p2                   |     |        | add_ln34_4           | add       | fabric                 | 0       |
|    ashr_ln34_2_fu_423_p2                  |     |        | ashr_ln34_2          | ashr      | auto_pipe              | 0       |
|    sub_ln36_8_fu_428_p2                   |     |        | sub_ln36_8           | sub       | fabric                 | 0       |
|    ashr_ln36_2_fu_434_p2                  |     |        | ashr_ln36_2          | ashr      | auto_pipe              | 0       |
|    sub_ln36_9_fu_524_p2                   |     |        | sub_ln36_9           | sub       | fabric                 | 0       |
|    agg_tmp_i181_1_2_ph_fu_529_p3          |     |        | agg_tmp_i181_1_2_ph  | select    | auto_sel               | 0       |
|    add_ln34_5_fu_446_p2                   |     |        | add_ln34_5           | add       | fabric                 | 0       |
|    ashr_ln34_3_fu_452_p2                  |     |        | ashr_ln34_3          | ashr      | auto_pipe              | 0       |
|    sub_ln36_10_fu_457_p2                  |     |        | sub_ln36_10          | sub       | fabric                 | 0       |
|    ashr_ln36_3_fu_463_p2                  |     |        | ashr_ln36_3          | ashr      | auto_pipe              | 0       |
|    v_7_fu_565_p6                          |     |        | sub_ln36_11          | sub       | fabric                 | 0       |
|    agg_tmp_i181_1_218_fu_541_p3           |     |        | agg_tmp_i181_1_218   | select    | auto_sel               | 0       |
|    agg_tmp_i181_161016_fu_547_p3          |     |        | agg_tmp_i181_161016  | select    | auto_sel               | 0       |
|    agg_tmp_i181_1_11214_fu_553_p3         |     |        | agg_tmp_i181_1_11214 | select    | auto_sel               | 0       |
|    or_ln33_fu_468_p2                      |     |        | or_ln33              | or        | auto                   | 0       |
|    xor_ln33_fu_473_p2                     |     |        | xor_ln33             | xor       | auto                   | 0       |
|    sparsemux_7_2_64_1_1_U5                |     |        | v_7                  | sparsemux | onehotencoding_realdef | 0       |
|    icmp_ln20_fu_593_p2                    |     |        | icmp_ln20            | setgt     | auto                   | 0       |
|    icmp_ln21_fu_599_p2                    |     |        | icmp_ln21            | setlt     | auto                   | 0       |
|    select_ln20_6_fu_609_p3                |     |        | select_ln20_6        | select    | auto_sel               | 0       |
|    or_ln20_fu_617_p2                      |     |        | or_ln20              | or        | auto                   | 0       |
|    select_ln20_fu_623_p3                  |     |        | select_ln20          | select    | auto_sel               | 0       |
|    icmp_ln20_4_fu_641_p2                  |     |        | icmp_ln20_4          | setgt     | auto                   | 0       |
|    icmp_ln21_1_fu_647_p2                  |     |        | icmp_ln21_1          | setlt     | auto                   | 0       |
|    select_ln20_7_fu_657_p3                |     |        | select_ln20_7        | select    | auto_sel               | 0       |
|    or_ln20_1_fu_665_p2                    |     |        | or_ln20_1            | or        | auto                   | 0       |
|    select_ln20_1_fu_671_p3                |     |        | select_ln20_1        | select    | auto_sel               | 0       |
|    icmp_ln20_5_fu_689_p2                  |     |        | icmp_ln20_5          | setgt     | auto                   | 0       |
|    icmp_ln21_2_fu_695_p2                  |     |        | icmp_ln21_2          | setlt     | auto                   | 0       |
|    select_ln20_8_fu_705_p3                |     |        | select_ln20_8        | select    | auto_sel               | 0       |
|    or_ln20_2_fu_713_p2                    |     |        | or_ln20_2            | or        | auto                   | 0       |
|    select_ln20_2_fu_719_p3                |     |        | select_ln20_2        | select    | auto_sel               | 0       |
|    icmp_ln20_6_fu_737_p2                  |     |        | icmp_ln20_6          | setgt     | auto                   | 0       |
|    icmp_ln21_3_fu_743_p2                  |     |        | icmp_ln21_3          | setlt     | auto                   | 0       |
|    v_8_fu_797_p6                          |     |        | select_ln21          | select    | auto_sel               | 0       |
|    agg_tmp_5102_fu_761_p3                 |     |        | agg_tmp_5102         | select    | auto_sel               | 0       |
|    agg_tmp_19094100_fu_767_p3             |     |        | agg_tmp_19094100     | select    | auto_sel               | 0       |
|    agg_tmp_39698_fu_773_p3                |     |        | agg_tmp_39698        | select    | auto_sel               | 0       |
|    sel_tmp7_fu_779_p2                     |     |        | sel_tmp7             | xor       | auto                   | 0       |
|    and_ln20_fu_784_p2                     |     |        | and_ln20             | and       | auto                   | 0       |
|    sparsemux_7_2_8_1_1_U6                 |     |        | v_8                  | sparsemux | onehotencoding_realdef | 0       |
|  + route_concat_engine_Pipeline_SRC1_COPY | 8   |        |                      |           |                        |         |
|    enable_assign_1_fu_255_p2              |     |        | enable_assign_1      | seteq     | auto                   | 0       |
|    cmp_i_i_i_i_fu_261_p2                  |     |        | cmp_i_i_i_i          | seteq     | auto                   | 0       |
|    icmp_ln163_fu_275_p2                   |     |        | icmp_ln163           | seteq     | auto                   | 0       |
|    add_ln163_fu_281_p2                    |     |        | add_ln163            | add       | fabric                 | 0       |
|    mul_32s_8s_40_1_1_U22                  | 2   |        | scaled               | mul       | auto                   | 0       |
|    mul_32s_8s_40_1_1_U23                  | 2   |        | scaled_1             | mul       | auto                   | 0       |
|    mul_32s_8s_40_1_1_U24                  | 2   |        | scaled_2             | mul       | auto                   | 0       |
|    mul_32s_8s_40_1_1_U25                  | 2   |        | scaled_3             | mul       | auto                   | 0       |
|    half_fu_361_p3                         |     |        | half                 | select    | auto_sel               | 0       |
|    add_ln34_fu_371_p2                     |     |        | add_ln34             | add       | fabric                 | 0       |
|    ashr_ln34_fu_377_p2                    |     |        | ashr_ln34            | ashr      | auto_pipe              | 0       |
|    sub_ln36_fu_382_p2                     |     |        | sub_ln36             | sub       | fabric                 | 0       |
|    ashr_ln36_fu_388_p2                    |     |        | ashr_ln36            | ashr      | auto_pipe              | 0       |
|    sub_ln36_1_fu_484_p2                   |     |        | sub_ln36_1           | sub       | fabric                 | 0       |
|    agg_tmp_i_1_ph_fu_489_p3               |     |        | agg_tmp_i_1_ph       | select    | auto_sel               | 0       |
|    add_ln34_1_fu_393_p2                   |     |        | add_ln34_1           | add       | fabric                 | 0       |
|    ashr_ln34_1_fu_399_p2                  |     |        | ashr_ln34_1          | ashr      | auto_pipe              | 0       |
|    sub_ln36_2_fu_404_p2                   |     |        | sub_ln36_2           | sub       | fabric                 | 0       |
|    ashr_ln36_1_fu_410_p2                  |     |        | ashr_ln36_1          | ashr      | auto_pipe              | 0       |
|    sub_ln36_3_fu_503_p2                   |     |        | sub_ln36_3           | sub       | fabric                 | 0       |
|    agg_tmp_i_1_1_ph_fu_508_p3             |     |        | agg_tmp_i_1_1_ph     | select    | auto_sel               | 0       |
|    add_ln34_2_fu_415_p2                   |     |        | add_ln34_2           | add       | fabric                 | 0       |
|    ashr_ln34_2_fu_421_p2                  |     |        | ashr_ln34_2          | ashr      | auto_pipe              | 0       |
|    sub_ln36_4_fu_426_p2                   |     |        | sub_ln36_4           | sub       | fabric                 | 0       |
|    ashr_ln36_2_fu_432_p2                  |     |        | ashr_ln36_2          | ashr      | auto_pipe              | 0       |
|    sub_ln36_5_fu_522_p2                   |     |        | sub_ln36_5           | sub       | fabric                 | 0       |
|    agg_tmp_i_1_2_ph_fu_527_p3             |     |        | agg_tmp_i_1_2_ph     | select    | auto_sel               | 0       |
|    add_ln34_3_fu_444_p2                   |     |        | add_ln34_3           | add       | fabric                 | 0       |
|    ashr_ln34_3_fu_450_p2                  |     |        | ashr_ln34_3          | ashr      | auto_pipe              | 0       |
|    sub_ln36_6_fu_455_p2                   |     |        | sub_ln36_6           | sub       | fabric                 | 0       |
|    ashr_ln36_3_fu_461_p2                  |     |        | ashr_ln36_3          | ashr      | auto_pipe              | 0       |
|    v_4_fu_563_p6                          |     |        | sub_ln36_7           | sub       | fabric                 | 0       |
|    agg_tmp_i_1_228_fu_539_p3              |     |        | agg_tmp_i_1_228      | select    | auto_sel               | 0       |
|    agg_tmp_i_182026_fu_545_p3             |     |        | agg_tmp_i_182026     | select    | auto_sel               | 0       |
|    agg_tmp_i_1_12224_fu_551_p3            |     |        | agg_tmp_i_1_12224    | select    | auto_sel               | 0       |
|    or_ln33_fu_466_p2                      |     |        | or_ln33              | or        | auto                   | 0       |
|    xor_ln33_fu_471_p2                     |     |        | xor_ln33             | xor       | auto                   | 0       |
|    sparsemux_7_2_64_1_1_U26               |     |        | v_4                  | sparsemux | onehotencoding_realdef | 0       |
|    icmp_ln20_fu_591_p2                    |     |        | icmp_ln20            | setgt     | auto                   | 0       |
|    icmp_ln21_fu_597_p2                    |     |        | icmp_ln21            | setlt     | auto                   | 0       |
|    select_ln20_fu_607_p3                  |     |        | select_ln20          | select    | auto_sel               | 0       |
|    or_ln20_fu_615_p2                      |     |        | or_ln20              | or        | auto                   | 0       |
|    select_ln20_1_fu_621_p3                |     |        | select_ln20_1        | select    | auto_sel               | 0       |
|    icmp_ln20_1_fu_639_p2                  |     |        | icmp_ln20_1          | setgt     | auto                   | 0       |
|    icmp_ln21_1_fu_645_p2                  |     |        | icmp_ln21_1          | setlt     | auto                   | 0       |
|    select_ln20_2_fu_655_p3                |     |        | select_ln20_2        | select    | auto_sel               | 0       |
|    or_ln20_1_fu_663_p2                    |     |        | or_ln20_1            | or        | auto                   | 0       |
|    select_ln20_3_fu_669_p3                |     |        | select_ln20_3        | select    | auto_sel               | 0       |
|    icmp_ln20_2_fu_687_p2                  |     |        | icmp_ln20_2          | setgt     | auto                   | 0       |
|    icmp_ln21_2_fu_693_p2                  |     |        | icmp_ln21_2          | setlt     | auto                   | 0       |
|    select_ln20_4_fu_703_p3                |     |        | select_ln20_4        | select    | auto_sel               | 0       |
|    or_ln20_2_fu_711_p2                    |     |        | or_ln20_2            | or        | auto                   | 0       |
|    select_ln20_5_fu_717_p3                |     |        | select_ln20_5        | select    | auto_sel               | 0       |
|    icmp_ln20_3_fu_735_p2                  |     |        | icmp_ln20_3          | setgt     | auto                   | 0       |
|    icmp_ln21_3_fu_741_p2                  |     |        | icmp_ln21_3          | setlt     | auto                   | 0       |
|    v_5_fu_795_p6                          |     |        | select_ln21          | select    | auto_sel               | 0       |
|    agg_tmp50_5112_fu_759_p3               |     |        | agg_tmp50_5112       | select    | auto_sel               | 0       |
|    agg_tmp50_192104110_fu_765_p3          |     |        | agg_tmp50_192104110  | select    | auto_sel               | 0       |
|    agg_tmp50_3106108_fu_771_p3            |     |        | agg_tmp50_3106108    | select    | auto_sel               | 0       |
|    sel_tmp24_fu_777_p2                    |     |        | sel_tmp24            | xor       | auto                   | 0       |
|    and_ln20_fu_782_p2                     |     |        | and_ln20             | and       | auto                   | 0       |
|    sparsemux_7_2_8_1_1_U27                |     |        | v_5                  | sparsemux | onehotencoding_realdef | 0       |
+-------------------------------------------+-----+--------+----------------------+-----------+------------------------+---------+


================================================================
== Storage Report
================================================================
+-----------------------+-----------+-----------+------+------+--------+----------+------+---------+------------------+
| Name                  | Usage     | Type      | BRAM | URAM | Pragma | Variable | Impl | Latency | Bitwidth, Depth, |
|                       |           |           |      |      |        |          |      |         | Banks            |
+-----------------------+-----------+-----------+------+------+--------+----------+------+---------+------------------+
| + route_concat_engine |           |           | 4    | 0    |        |          |      |         |                  |
|   CTRL_s_axi_U        | interface | s_axilite |      |      |        |          |      |         |                  |
|   RD_BUS_m_axi_U      | interface | m_axi     | 2    |      |        |          |      |         |                  |
|   WR_BUS_m_axi_U      | interface | m_axi     | 2    |      |        |          |      |         |                  |
+-----------------------+-----------+-----------+------+------+--------+----------+------+---------+------------------+


================================================================
== Pragma Report
================================================================
* Valid Pragma Syntax
+----------------+---------------------------------------------------------------------------------------------------------------------+-------------------------------------------------------------------------------+
| Type           | Options                                                                                                             | Location                                                                      |
+----------------+---------------------------------------------------------------------------------------------------------------------+-------------------------------------------------------------------------------+
| interface      | m_axi port=ifmap offset=slave bundle=RD_BUS depth=MAX_IMG_W*MAX_IMG_W*MAX_CH_WORDS                                  | HW/maxpool_engine.cpp:14 in maxpool_engine, ifmap                             |
| interface      | m_axi port=ofmap offset=slave bundle=WR_BUS depth=MAX_IMG_W*MAX_IMG_W*MAX_CH_WORDS                                  | HW/maxpool_engine.cpp:15 in maxpool_engine, ofmap                             |
| interface      | s_axilite port=ifmap bundle=CTRL                                                                                    | HW/maxpool_engine.cpp:17 in maxpool_engine, ifmap                             |
| interface      | s_axilite port=ofmap bundle=CTRL                                                                                    | HW/maxpool_engine.cpp:18 in maxpool_engine, ofmap                             |
| interface      | s_axilite port=img_h bundle=CTRL                                                                                    | HW/maxpool_engine.cpp:19 in maxpool_engine, img_h                             |
| interface      | s_axilite port=img_w bundle=CTRL                                                                                    | HW/maxpool_engine.cpp:20 in maxpool_engine, img_w                             |
| interface      | s_axilite port=ch bundle=CTRL                                                                                       | HW/maxpool_engine.cpp:21 in maxpool_engine, ch                                |
| interface      | s_axilite port=stride bundle=CTRL                                                                                   | HW/maxpool_engine.cpp:22 in maxpool_engine, stride                            |
| interface      | s_axilite port=pad_right bundle=CTRL                                                                                | HW/maxpool_engine.cpp:23 in maxpool_engine, pad_right                         |
| interface      | s_axilite port=pad_bottom bundle=CTRL                                                                               | HW/maxpool_engine.cpp:24 in maxpool_engine, pad_bottom                        |
| interface      | s_axilite port=return bundle=CTRL                                                                                   | HW/maxpool_engine.cpp:25 in maxpool_engine, return                            |
| loop_tripcount | min=1 max=MAX_IMG_W                                                                                                 | HW/maxpool_engine.cpp:67 in maxpool_engine                                    |
| loop_tripcount | min=1 max=MAX_IMG_W                                                                                                 | HW/maxpool_engine.cpp:70 in maxpool_engine                                    |
| pipeline       | II=1                                                                                                                | HW/maxpool_engine.cpp:82 in maxpool_engine                                    |
| loop_tripcount | min=1 max=MAX_CH_WORDS                                                                                              | HW/maxpool_engine.cpp:83 in maxpool_engine                                    |
| pipeline       | II=1                                                                                                                | HW/maxpool_engine.cpp:102 in maxpool_engine                                   |
| loop_tripcount | min=1 max=MAX_CH_WORDS                                                                                              | HW/maxpool_engine.cpp:103 in maxpool_engine                                   |
| unroll         |                                                                                                                     | HW/maxpool_engine.cpp:116 in maxpool_engine                                   |
| pipeline       | II=1                                                                                                                | HW/maxpool_engine.cpp:142 in maxpool_engine                                   |
| loop_tripcount | min=1 max=MAX_CH_WORDS                                                                                              | HW/maxpool_engine.cpp:143 in maxpool_engine                                   |
| inline         |                                                                                                                     | HW/pack4.h:79 in pack4_get                                                    |
| inline         |                                                                                                                     | HW/pack4.h:86 in pack4_set                                                    |
| inline         |                                                                                                                     | HW/route_concat_engine.cpp:26 in round_shift                                  |
| inline         |                                                                                                                     | HW/route_concat_engine.cpp:56 in apply_source_requant                         |
| interface      | m_axi port=src0 offset=slave bundle=RD_BUS depth=MAX_ROUTE_W*MAX_ROUTE_W*MAX_ROUTE_SRC_CH_WORDS                     | HW/route_concat_engine.cpp:80 in route_concat_engine, src0                    |
| interface      | m_axi port=src1 offset=slave bundle=RD_BUS depth=MAX_ROUTE_W*MAX_ROUTE_W*MAX_ROUTE_SRC_CH_WORDS                     | HW/route_concat_engine.cpp:81 in route_concat_engine, src1                    |
| interface      | m_axi port=ofmap offset=slave bundle=WR_BUS depth=MAX_ROUTE_W*MAX_ROUTE_W*MAX_ROUTE_TOTAL_CH_WORDS                  | HW/route_concat_engine.cpp:82 in route_concat_engine, ofmap                   |
| interface      | s_axilite port=src0 bundle=CTRL                                                                                     | HW/route_concat_engine.cpp:84 in route_concat_engine, src0                    |
| interface      | s_axilite port=src1 bundle=CTRL                                                                                     | HW/route_concat_engine.cpp:85 in route_concat_engine, src1                    |
| interface      | s_axilite port=ofmap bundle=CTRL                                                                                    | HW/route_concat_engine.cpp:86 in route_concat_engine, ofmap                   |
| interface      | s_axilite port=img_h bundle=CTRL                                                                                    | HW/route_concat_engine.cpp:87 in route_concat_engine, img_h                   |
| interface      | s_axilite port=img_w bundle=CTRL                                                                                    | HW/route_concat_engine.cpp:88 in route_concat_engine, img_w                   |
| interface      | s_axilite port=ch0 bundle=CTRL                                                                                      | HW/route_concat_engine.cpp:89 in route_concat_engine, ch0                     |
| interface      | s_axilite port=ch1 bundle=CTRL                                                                                      | HW/route_concat_engine.cpp:90 in route_concat_engine, ch1                     |
| interface      | s_axilite port=src0_requant_enable bundle=CTRL                                                                      | HW/route_concat_engine.cpp:91 in route_concat_engine, src0_requant_enable     |
| interface      | s_axilite port=src0_requant_multiplier bundle=CTRL                                                                  | HW/route_concat_engine.cpp:92 in route_concat_engine, src0_requant_multiplier |
| interface      | s_axilite port=src0_requant_shift bundle=CTRL                                                                       | HW/route_concat_engine.cpp:93 in route_concat_engine, src0_requant_shift      |
| interface      | s_axilite port=src1_requant_enable bundle=CTRL                                                                      | HW/route_concat_engine.cpp:94 in route_concat_engine, src1_requant_enable     |
| interface      | s_axilite port=src1_requant_multiplier bundle=CTRL                                                                  | HW/route_concat_engine.cpp:95 in route_concat_engine, src1_requant_multiplier |
| interface      | s_axilite port=src1_requant_shift bundle=CTRL                                                                       | HW/route_concat_engine.cpp:96 in route_concat_engine, src1_requant_shift      |
| interface      | s_axilite port=return bundle=CTRL                                                                                   | HW/route_concat_engine.cpp:97 in route_concat_engine, return                  |
| loop_tripcount | min=1 max=MAX_ROUTE_W                                                                                               | HW/route_concat_engine.cpp:134 in route_concat_engine                         |
| loop_tripcount | min=1 max=MAX_ROUTE_W                                                                                               | HW/route_concat_engine.cpp:137 in route_concat_engine                         |
| pipeline       | II=1                                                                                                                | HW/route_concat_engine.cpp:144 in route_concat_engine                         |
| loop_tripcount | min=1 max=MAX_ROUTE_SRC_CH_WORDS                                                                                    | HW/route_concat_engine.cpp:145 in route_concat_engine                         |
| unroll         |                                                                                                                     | HW/route_concat_engine.cpp:150 in route_concat_engine                         |
| pipeline       | II=1                                                                                                                | HW/route_concat_engine.cpp:164 in route_concat_engine                         |
| loop_tripcount | min=0 max=MAX_ROUTE_SRC_CH_WORDS                                                                                    | HW/route_concat_engine.cpp:165 in route_concat_engine                         |
| unroll         |                                                                                                                     | HW/route_concat_engine.cpp:170 in route_concat_engine                         |
| interface      | m_axi port=ifmap offset=slave bundle=RD_BUS depth=MAX_UPSAMPLE_IN_W*MAX_UPSAMPLE_IN_W*MAX_UPSAMPLE_CH_WORDS         | HW/upsample_engine.cpp:11 in upsample_engine, ifmap                           |
| interface      | m_axi port=ofmap offset=slave bundle=WR_BUS depth=(2*MAX_UPSAMPLE_IN_W)*(2*MAX_UPSAMPLE_IN_W)*MAX_UPSAMPLE_CH_WORDS | HW/upsample_engine.cpp:12 in upsample_engine, ofmap                           |
| interface      | s_axilite port=ifmap bundle=CTRL                                                                                    | HW/upsample_engine.cpp:14 in upsample_engine, ifmap                           |
| interface      | s_axilite port=ofmap bundle=CTRL                                                                                    | HW/upsample_engine.cpp:15 in upsample_engine, ofmap                           |
| interface      | s_axilite port=img_h bundle=CTRL                                                                                    | HW/upsample_engine.cpp:16 in upsample_engine, img_h                           |
| interface      | s_axilite port=img_w bundle=CTRL                                                                                    | HW/upsample_engine.cpp:17 in upsample_engine, img_w                           |
| interface      | s_axilite port=ch bundle=CTRL                                                                                       | HW/upsample_engine.cpp:18 in upsample_engine, ch                              |
| interface      | s_axilite port=return bundle=CTRL                                                                                   | HW/upsample_engine.cpp:19 in upsample_engine, return                          |
| loop_tripcount | min=1 max=MAX_UPSAMPLE_IN_W                                                                                         | HW/upsample_engine.cpp:42 in upsample_engine                                  |
| loop_tripcount | min=1 max=MAX_UPSAMPLE_IN_W                                                                                         | HW/upsample_engine.cpp:45 in upsample_engine                                  |
| pipeline       | II=1                                                                                                                | HW/upsample_engine.cpp:50 in upsample_engine                                  |
| loop_tripcount | min=1 max=MAX_UPSAMPLE_CH_WORDS                                                                                     | HW/upsample_engine.cpp:51 in upsample_engine                                  |
| pipeline       | II=1                                                                                                                | HW/upsample_engine.cpp:71 in upsample_engine                                  |
| loop_tripcount | min=1 max=MAX_UPSAMPLE_CH_WORDS                                                                                     | HW/upsample_engine.cpp:72 in upsample_engine                                  |
+----------------+---------------------------------------------------------------------------------------------------------------------+-------------------------------------------------------------------------------+


