

================================================================
== Vitis HLS Report for 'route_concat_engine'
================================================================
* Date:           Tue Aug  4 14:41:43 2026

* Version:        2024.2 (Build 5238294 on Nov  8 2024)
* Project:        pool_upsample_route_prj
* Solution:       solution_route_concat (Vivado IP Flow Target)
* Product family: zynquplus
* Target device:  xck26-sfvc784-2LV-c


================================================================
== Performance Estimates
================================================================
+ Timing: 
    * Summary: 
    +--------+---------+----------+------------+
    |  Clock |  Target | Estimated| Uncertainty|
    +--------+---------+----------+------------+
    |ap_clk  |  5.00 ns|  3.650 ns|     1.35 ns|
    +--------+---------+----------+------------+

+ Latency: 
    * Summary: 
    +---------+---------+----------+----------+-----+--------+---------+
    |  Latency (cycles) |  Latency (absolute) |   Interval   | Pipeline|
    |   min   |   max   |    min   |    max   | min |   max  |   Type  |
    +---------+---------+----------+----------+-----+--------+---------+
    |       40|   688257|  0.200 us|  3.441 ms|   41|  688258|       no|
    +---------+---------+----------+----------+-----+--------+---------+

    + Detail: 
        * Instance: 
        +---------------------------------------------------+----------------------------------------+---------+---------+-----------+----------+-----+-----+------------------------------------------------+
        |                                                   |                                        |  Latency (cycles) |  Latency (absolute)  |  Interval |                    Pipeline                    |
        |                      Instance                     |                 Module                 |   min   |   max   |    min    |    max   | min | max |                      Type                      |
        +---------------------------------------------------+----------------------------------------+---------+---------+-----------+----------+-----+-----+------------------------------------------------+
        |grp_route_concat_engine_Pipeline_SRC0_COPY_fu_275  |route_concat_engine_Pipeline_SRC0_COPY  |        7|       70|  35.000 ns|  0.350 us|    2|   65|  loop auto-rewind stp (delay=0 clock cycles(s))|
        |grp_route_concat_engine_Pipeline_SRC1_COPY_fu_293  |route_concat_engine_Pipeline_SRC1_COPY  |        2|       70|  10.000 ns|  0.350 us|    1|   65|  loop auto-rewind stp (delay=0 clock cycles(s))|
        +---------------------------------------------------+----------------------------------------+---------+---------+-----------+----------+-----+-----+------------------------------------------------+

        * Loop: 
        +-------------+---------+---------+------------+-----------+-----------+--------+----------+
        |             |  Latency (cycles) |  Iteration |  Initiation Interval  |  Trip  |          |
        |  Loop Name  |   min   |   max   |   Latency  |  achieved |   target  |  Count | Pipelined|
        +-------------+---------+---------+------------+-----------+-----------+--------+----------+
        |- ROW_LOOP   |       39|   688256|  39 ~ 10754|          -|          -|  1 ~ 64|        no|
        | + COL_LOOP  |       37|    10752|    37 ~ 168|          -|          -|  1 ~ 64|        no|
        +-------------+---------+---------+------------+-----------+-----------+--------+----------+



================================================================
== Utilization Estimates
================================================================
* Summary: 
+-----------------+---------+------+--------+--------+-----+
|       Name      | BRAM_18K|  DSP |   FF   |   LUT  | URAM|
+-----------------+---------+------+--------+--------+-----+
|DSP              |        -|     1|       -|       -|    -|
|Expression       |        -|     -|       0|    1291|    -|
|FIFO             |        -|     -|       -|       -|    -|
|Instance         |        4|    24|    4688|    9534|    0|
|Memory           |        -|     -|       -|       -|    -|
|Multiplexer      |        -|     -|       0|     419|    -|
|Register         |        -|     -|    1170|       -|    -|
+-----------------+---------+------+--------+--------+-----+
|Total            |        4|    25|    5858|   11244|    0|
+-----------------+---------+------+--------+--------+-----+
|Available        |      288|  1248|  234240|  117120|   64|
+-----------------+---------+------+--------+--------+-----+
|Utilization (%)  |        1|     2|       2|       9|    0|
+-----------------+---------+------+--------+--------+-----+

+ Detail: 
    * Instance: 
    +---------------------------------------------------+----------------------------------------+---------+----+------+------+-----+
    |                      Instance                     |                 Module                 | BRAM_18K| DSP|  FF  |  LUT | URAM|
    +---------------------------------------------------+----------------------------------------+---------+----+------+------+-----+
    |CTRL_s_axi_U                                       |CTRL_s_axi                              |        0|   0|   466|   744|    0|
    |RD_BUS_m_axi_U                                     |RD_BUS_m_axi                            |        2|   0|   671|   637|    0|
    |WR_BUS_m_axi_U                                     |WR_BUS_m_axi                            |        2|   0|   665|   625|    0|
    |mul_15ns_32s_32_1_1_U40                            |mul_15ns_32s_32_1_1                     |        0|   2|     0|    20|    0|
    |mul_32s_14ns_32_1_1_U41                            |mul_32s_14ns_32_1_1                     |        0|   2|     0|    20|    0|
    |mul_32s_14ns_32_1_1_U42                            |mul_32s_14ns_32_1_1                     |        0|   2|     0|    20|    0|
    |mul_32s_15ns_32_1_1_U43                            |mul_32s_15ns_32_1_1                     |        0|   2|     0|    20|    0|
    |grp_route_concat_engine_Pipeline_SRC0_COPY_fu_275  |route_concat_engine_Pipeline_SRC0_COPY  |        0|   8|  1443|  3724|    0|
    |grp_route_concat_engine_Pipeline_SRC1_COPY_fu_293  |route_concat_engine_Pipeline_SRC1_COPY  |        0|   8|  1443|  3724|    0|
    +---------------------------------------------------+----------------------------------------+---------+----+------+------+-----+
    |Total                                              |                                        |        4|  24|  4688|  9534|    0|
    +---------------------------------------------------+----------------------------------------+---------+----+------+------+-----+

    * DSP: 
    +--------------------------------------+----------------------------------+--------------+
    |               Instance               |              Module              |  Expression  |
    +--------------------------------------+----------------------------------+--------------+
    |mac_muladd_16ns_15ns_14ns_31_4_1_U44  |mac_muladd_16ns_15ns_14ns_31_4_1  |  i0 + i1 * i2|
    +--------------------------------------+----------------------------------+--------------+

    * Memory: 
    N/A

    * FIFO: 
    N/A

    * Expression: 
    +------------------------------+----------+----+---+-----+------------+------------+
    |         Variable Name        | Operation| DSP| FF| LUT | Bitwidth P0| Bitwidth P1|
    +------------------------------+----------+----+---+-----+------------+------------+
    |add_ln133_fu_532_p2           |         +|   0|  0|   39|          32|          32|
    |add_ln136_fu_553_p2           |         +|   0|  0|   23|          16|           1|
    |add_ln138_1_fu_678_p2         |         +|   0|  0|   71|          64|          64|
    |add_ln138_2_fu_591_p2         |         +|   0|  0|   71|          64|          64|
    |add_ln138_4_fu_607_p2         |         +|   0|  0|   71|          64|          64|
    |add_ln138_5_fu_623_p2         |         +|   0|  0|   71|          64|          64|
    |add_ln138_fu_661_p2           |         +|   0|  0|   39|          32|          32|
    |out_ch_fu_335_p2              |         +|   0|  0|   24|          17|          17|
    |r_2_fu_542_p2                 |         +|   0|  0|   23|          16|           1|
    |sub_i_i124_i_i257_fu_403_p2   |         +|   0|  0|   14|           7|           2|
    |sub_i_i124_i_i_fu_459_p2      |         +|   0|  0|   14|           7|           2|
    |tmp_fu_567_p2                 |         +|   0|  0|   39|          32|          32|
    |conv_i_i9_i_i_i292_fu_409_p2  |         -|   0|  0|   14|           1|           7|
    |conv_i_i9_i_i_i_fu_465_p2     |         -|   0|  0|   14|           1|           7|
    |icmp_ln133_fu_537_p2          |      icmp|   0|  0|   23|          16|          16|
    |icmp_ln136_fu_548_p2          |      icmp|   0|  0|   23|          16|          16|
    |half_2_fu_479_p2              |      lshr|   0|  0|  179|           1|          64|
    |half_fu_423_p2                |      lshr|   0|  0|  179|           1|          64|
    |ap_block_state16_io           |        or|   0|  0|    2|           1|           1|
    |shl_i_i_i_i303_fu_441_p2      |       shl|   0|  0|  179|           1|          64|
    |shl_i_i_i_i_fu_497_p2         |       shl|   0|  0|  179|           1|          64|
    +------------------------------+----------+----+---+-----+------------+------------+
    |Total                         |          |   0|  0| 1291|         454|         678|
    +------------------------------+----------+----+---+-----+------------+------------+

    * Multiplexer: 
    +------------------+-----+-----------+-----+-----------+
    |       Name       | LUT | Input Size| Bits| Total Bits|
    +------------------+-----+-----------+-----+-----------+
    |RD_BUS_0_ARADDR   |   26|          5|   64|        320|
    |RD_BUS_0_ARLEN    |   26|          5|   32|        160|
    |RD_BUS_0_ARVALID  |   20|          4|    1|          4|
    |RD_BUS_0_RREADY   |   14|          3|    1|          3|
    |RD_BUS_blk_n_AR   |    9|          2|    1|          2|
    |WR_BUS_0_AWADDR   |   26|          5|   64|        320|
    |WR_BUS_0_AWLEN    |   26|          5|   32|        160|
    |WR_BUS_0_AWVALID  |   20|          4|    1|          4|
    |WR_BUS_0_BREADY   |   20|          4|    1|          4|
    |WR_BUS_0_WDATA    |   14|          3|   32|         96|
    |WR_BUS_0_WSTRB    |   14|          3|    4|         12|
    |WR_BUS_0_WVALID   |   14|          3|    1|          3|
    |WR_BUS_blk_n_AW   |    9|          2|    1|          2|
    |WR_BUS_blk_n_B    |    9|          2|    1|          2|
    |ap_NS_fsm         |  145|         31|    1|         31|
    |c_reg_264         |    9|          2|   16|         32|
    |phi_mul_fu_152    |    9|          2|   32|         64|
    |r_fu_156          |    9|          2|   16|         32|
    +------------------+-----+-----------+-----+-----------+
    |Total             |  419|         87|  301|       1251|
    +------------------+-----+-----------+-----+-----------+

    * Register: 
    +----------------------------------------------------------------+----+----+-----+-----------+
    |                              Name                              | FF | LUT| Bits| Const Bits|
    +----------------------------------------------------------------+----+----+-----+-----------+
    |add_ln133_reg_898                                               |  32|   0|   32|          0|
    |add_ln136_reg_919                                               |  16|   0|   16|          0|
    |ap_CS_fsm                                                       |  30|   0|   30|          0|
    |c_reg_264                                                       |  16|   0|   16|          0|
    |ch0_words_reg_800                                               |  14|   0|   14|          0|
    |ch1_words_reg_815                                               |  14|   0|   14|          0|
    |conv8_reg_836                                                   |  16|   0|   32|         16|
    |empty_38_reg_852                                                |   1|   0|    1|          0|
    |empty_39_reg_857                                                |  63|   0|   63|          0|
    |empty_40_reg_862                                                |   6|   0|    6|          0|
    |empty_41_reg_873                                                |   1|   0|    1|          0|
    |empty_42_reg_878                                                |  63|   0|   63|          0|
    |empty_43_reg_911                                                |  32|   0|   32|          0|
    |empty_reg_841                                                   |   6|   0|    6|          0|
    |grp_route_concat_engine_Pipeline_SRC0_COPY_fu_275_ap_start_reg  |   1|   0|    1|          0|
    |grp_route_concat_engine_Pipeline_SRC1_COPY_fu_293_ap_start_reg  |   1|   0|    1|          0|
    |img_h_read_reg_779                                              |  16|   0|   16|          0|
    |img_w_read_reg_774                                              |  16|   0|   16|          0|
    |mul_ln138_1_reg_936                                             |  32|   0|   32|          0|
    |mul_ln138_2_reg_946                                             |  32|   0|   32|          0|
    |mul_ln138_3_reg_941                                             |  32|   0|   32|          0|
    |ofmap_read_reg_784                                              |  64|   0|   64|          0|
    |phi_mul_fu_152                                                  |  32|   0|   32|          0|
    |r_2_reg_906                                                     |  16|   0|   16|          0|
    |r_fu_156                                                        |  16|   0|   16|          0|
    |src0_read_reg_795                                               |  64|   0|   64|          0|
    |src0_requant_enable_read_reg_769                                |   8|   0|    8|          0|
    |src0_requant_multiplier_read_reg_764                            |  32|   0|   32|          0|
    |src1_read_reg_790                                               |  64|   0|   64|          0|
    |src1_requant_enable_read_reg_759                                |   8|   0|    8|          0|
    |src1_requant_multiplier_read_reg_754                            |  32|   0|   32|          0|
    |sub_i_i124_i_i257_reg_847                                       |   7|   0|    7|          0|
    |sub_i_i124_i_i_reg_868                                          |   7|   0|    7|          0|
    |tmp_reg_929                                                     |  32|   0|   32|          0|
    |trunc_ln143_1_reg_957                                           |  62|   0|   62|          0|
    |trunc_ln163_1_reg_979                                           |  62|   0|   62|          0|
    |trunc_ln1_reg_951                                               |  62|   0|   62|          0|
    |trunc_ln2_reg_963                                               |  62|   0|   62|          0|
    |wide_trip_count20_reg_889                                       |  14|   0|   64|         50|
    |wide_trip_count_reg_883                                         |  14|   0|   64|         50|
    |zext_ln128_1_reg_810                                            |  14|   0|   31|         17|
    |zext_ln128_reg_805                                              |  14|   0|   32|         18|
    |zext_ln129_reg_820                                              |  14|   0|   32|         18|
    |zext_ln130_1_reg_831                                            |  15|   0|   31|         16|
    |zext_ln130_reg_825                                              |  15|   0|   32|         17|
    +----------------------------------------------------------------+----+----+-----+-----------+
    |Total                                                           |1170|   0| 1372|        202|
    +----------------------------------------------------------------+----+----+-----+-----------+



================================================================
== Interface
================================================================
* Summary: 
+-----------------------+-----+-----+------------+---------------------+--------------+
|       RTL Ports       | Dir | Bits|  Protocol  |    Source Object    |    C Type    |
+-----------------------+-----+-----+------------+---------------------+--------------+
|s_axi_CTRL_AWVALID     |   in|    1|       s_axi|                 CTRL|        scalar|
|s_axi_CTRL_AWREADY     |  out|    1|       s_axi|                 CTRL|        scalar|
|s_axi_CTRL_AWADDR      |   in|    8|       s_axi|                 CTRL|        scalar|
|s_axi_CTRL_WVALID      |   in|    1|       s_axi|                 CTRL|        scalar|
|s_axi_CTRL_WREADY      |  out|    1|       s_axi|                 CTRL|        scalar|
|s_axi_CTRL_WDATA       |   in|   32|       s_axi|                 CTRL|        scalar|
|s_axi_CTRL_WSTRB       |   in|    4|       s_axi|                 CTRL|        scalar|
|s_axi_CTRL_ARVALID     |   in|    1|       s_axi|                 CTRL|        scalar|
|s_axi_CTRL_ARREADY     |  out|    1|       s_axi|                 CTRL|        scalar|
|s_axi_CTRL_ARADDR      |   in|    8|       s_axi|                 CTRL|        scalar|
|s_axi_CTRL_RVALID      |  out|    1|       s_axi|                 CTRL|        scalar|
|s_axi_CTRL_RREADY      |   in|    1|       s_axi|                 CTRL|        scalar|
|s_axi_CTRL_RDATA       |  out|   32|       s_axi|                 CTRL|        scalar|
|s_axi_CTRL_RRESP       |  out|    2|       s_axi|                 CTRL|        scalar|
|s_axi_CTRL_BVALID      |  out|    1|       s_axi|                 CTRL|        scalar|
|s_axi_CTRL_BREADY      |   in|    1|       s_axi|                 CTRL|        scalar|
|s_axi_CTRL_BRESP       |  out|    2|       s_axi|                 CTRL|        scalar|
|ap_clk                 |   in|    1|  ap_ctrl_hs|  route_concat_engine|  return value|
|ap_rst_n               |   in|    1|  ap_ctrl_hs|  route_concat_engine|  return value|
|interrupt              |  out|    1|  ap_ctrl_hs|  route_concat_engine|  return value|
|m_axi_RD_BUS_AWVALID   |  out|    1|       m_axi|               RD_BUS|       pointer|
|m_axi_RD_BUS_AWREADY   |   in|    1|       m_axi|               RD_BUS|       pointer|
|m_axi_RD_BUS_AWADDR    |  out|   64|       m_axi|               RD_BUS|       pointer|
|m_axi_RD_BUS_AWID      |  out|    1|       m_axi|               RD_BUS|       pointer|
|m_axi_RD_BUS_AWLEN     |  out|    8|       m_axi|               RD_BUS|       pointer|
|m_axi_RD_BUS_AWSIZE    |  out|    3|       m_axi|               RD_BUS|       pointer|
|m_axi_RD_BUS_AWBURST   |  out|    2|       m_axi|               RD_BUS|       pointer|
|m_axi_RD_BUS_AWLOCK    |  out|    2|       m_axi|               RD_BUS|       pointer|
|m_axi_RD_BUS_AWCACHE   |  out|    4|       m_axi|               RD_BUS|       pointer|
|m_axi_RD_BUS_AWPROT    |  out|    3|       m_axi|               RD_BUS|       pointer|
|m_axi_RD_BUS_AWQOS     |  out|    4|       m_axi|               RD_BUS|       pointer|
|m_axi_RD_BUS_AWREGION  |  out|    4|       m_axi|               RD_BUS|       pointer|
|m_axi_RD_BUS_AWUSER    |  out|    1|       m_axi|               RD_BUS|       pointer|
|m_axi_RD_BUS_WVALID    |  out|    1|       m_axi|               RD_BUS|       pointer|
|m_axi_RD_BUS_WREADY    |   in|    1|       m_axi|               RD_BUS|       pointer|
|m_axi_RD_BUS_WDATA     |  out|   32|       m_axi|               RD_BUS|       pointer|
|m_axi_RD_BUS_WSTRB     |  out|    4|       m_axi|               RD_BUS|       pointer|
|m_axi_RD_BUS_WLAST     |  out|    1|       m_axi|               RD_BUS|       pointer|
|m_axi_RD_BUS_WID       |  out|    1|       m_axi|               RD_BUS|       pointer|
|m_axi_RD_BUS_WUSER     |  out|    1|       m_axi|               RD_BUS|       pointer|
|m_axi_RD_BUS_ARVALID   |  out|    1|       m_axi|               RD_BUS|       pointer|
|m_axi_RD_BUS_ARREADY   |   in|    1|       m_axi|               RD_BUS|       pointer|
|m_axi_RD_BUS_ARADDR    |  out|   64|       m_axi|               RD_BUS|       pointer|
|m_axi_RD_BUS_ARID      |  out|    1|       m_axi|               RD_BUS|       pointer|
|m_axi_RD_BUS_ARLEN     |  out|    8|       m_axi|               RD_BUS|       pointer|
|m_axi_RD_BUS_ARSIZE    |  out|    3|       m_axi|               RD_BUS|       pointer|
|m_axi_RD_BUS_ARBURST   |  out|    2|       m_axi|               RD_BUS|       pointer|
|m_axi_RD_BUS_ARLOCK    |  out|    2|       m_axi|               RD_BUS|       pointer|
|m_axi_RD_BUS_ARCACHE   |  out|    4|       m_axi|               RD_BUS|       pointer|
|m_axi_RD_BUS_ARPROT    |  out|    3|       m_axi|               RD_BUS|       pointer|
|m_axi_RD_BUS_ARQOS     |  out|    4|       m_axi|               RD_BUS|       pointer|
|m_axi_RD_BUS_ARREGION  |  out|    4|       m_axi|               RD_BUS|       pointer|
|m_axi_RD_BUS_ARUSER    |  out|    1|       m_axi|               RD_BUS|       pointer|
|m_axi_RD_BUS_RVALID    |   in|    1|       m_axi|               RD_BUS|       pointer|
|m_axi_RD_BUS_RREADY    |  out|    1|       m_axi|               RD_BUS|       pointer|
|m_axi_RD_BUS_RDATA     |   in|   32|       m_axi|               RD_BUS|       pointer|
|m_axi_RD_BUS_RLAST     |   in|    1|       m_axi|               RD_BUS|       pointer|
|m_axi_RD_BUS_RID       |   in|    1|       m_axi|               RD_BUS|       pointer|
|m_axi_RD_BUS_RUSER     |   in|    1|       m_axi|               RD_BUS|       pointer|
|m_axi_RD_BUS_RRESP     |   in|    2|       m_axi|               RD_BUS|       pointer|
|m_axi_RD_BUS_BVALID    |   in|    1|       m_axi|               RD_BUS|       pointer|
|m_axi_RD_BUS_BREADY    |  out|    1|       m_axi|               RD_BUS|       pointer|
|m_axi_RD_BUS_BRESP     |   in|    2|       m_axi|               RD_BUS|       pointer|
|m_axi_RD_BUS_BID       |   in|    1|       m_axi|               RD_BUS|       pointer|
|m_axi_RD_BUS_BUSER     |   in|    1|       m_axi|               RD_BUS|       pointer|
|m_axi_WR_BUS_AWVALID   |  out|    1|       m_axi|               WR_BUS|       pointer|
|m_axi_WR_BUS_AWREADY   |   in|    1|       m_axi|               WR_BUS|       pointer|
|m_axi_WR_BUS_AWADDR    |  out|   64|       m_axi|               WR_BUS|       pointer|
|m_axi_WR_BUS_AWID      |  out|    1|       m_axi|               WR_BUS|       pointer|
|m_axi_WR_BUS_AWLEN     |  out|    8|       m_axi|               WR_BUS|       pointer|
|m_axi_WR_BUS_AWSIZE    |  out|    3|       m_axi|               WR_BUS|       pointer|
|m_axi_WR_BUS_AWBURST   |  out|    2|       m_axi|               WR_BUS|       pointer|
|m_axi_WR_BUS_AWLOCK    |  out|    2|       m_axi|               WR_BUS|       pointer|
|m_axi_WR_BUS_AWCACHE   |  out|    4|       m_axi|               WR_BUS|       pointer|
|m_axi_WR_BUS_AWPROT    |  out|    3|       m_axi|               WR_BUS|       pointer|
|m_axi_WR_BUS_AWQOS     |  out|    4|       m_axi|               WR_BUS|       pointer|
|m_axi_WR_BUS_AWREGION  |  out|    4|       m_axi|               WR_BUS|       pointer|
|m_axi_WR_BUS_AWUSER    |  out|    1|       m_axi|               WR_BUS|       pointer|
|m_axi_WR_BUS_WVALID    |  out|    1|       m_axi|               WR_BUS|       pointer|
|m_axi_WR_BUS_WREADY    |   in|    1|       m_axi|               WR_BUS|       pointer|
|m_axi_WR_BUS_WDATA     |  out|   32|       m_axi|               WR_BUS|       pointer|
|m_axi_WR_BUS_WSTRB     |  out|    4|       m_axi|               WR_BUS|       pointer|
|m_axi_WR_BUS_WLAST     |  out|    1|       m_axi|               WR_BUS|       pointer|
|m_axi_WR_BUS_WID       |  out|    1|       m_axi|               WR_BUS|       pointer|
|m_axi_WR_BUS_WUSER     |  out|    1|       m_axi|               WR_BUS|       pointer|
|m_axi_WR_BUS_ARVALID   |  out|    1|       m_axi|               WR_BUS|       pointer|
|m_axi_WR_BUS_ARREADY   |   in|    1|       m_axi|               WR_BUS|       pointer|
|m_axi_WR_BUS_ARADDR    |  out|   64|       m_axi|               WR_BUS|       pointer|
|m_axi_WR_BUS_ARID      |  out|    1|       m_axi|               WR_BUS|       pointer|
|m_axi_WR_BUS_ARLEN     |  out|    8|       m_axi|               WR_BUS|       pointer|
|m_axi_WR_BUS_ARSIZE    |  out|    3|       m_axi|               WR_BUS|       pointer|
|m_axi_WR_BUS_ARBURST   |  out|    2|       m_axi|               WR_BUS|       pointer|
|m_axi_WR_BUS_ARLOCK    |  out|    2|       m_axi|               WR_BUS|       pointer|
|m_axi_WR_BUS_ARCACHE   |  out|    4|       m_axi|               WR_BUS|       pointer|
|m_axi_WR_BUS_ARPROT    |  out|    3|       m_axi|               WR_BUS|       pointer|
|m_axi_WR_BUS_ARQOS     |  out|    4|       m_axi|               WR_BUS|       pointer|
|m_axi_WR_BUS_ARREGION  |  out|    4|       m_axi|               WR_BUS|       pointer|
|m_axi_WR_BUS_ARUSER    |  out|    1|       m_axi|               WR_BUS|       pointer|
|m_axi_WR_BUS_RVALID    |   in|    1|       m_axi|               WR_BUS|       pointer|
|m_axi_WR_BUS_RREADY    |  out|    1|       m_axi|               WR_BUS|       pointer|
|m_axi_WR_BUS_RDATA     |   in|   32|       m_axi|               WR_BUS|       pointer|
|m_axi_WR_BUS_RLAST     |   in|    1|       m_axi|               WR_BUS|       pointer|
|m_axi_WR_BUS_RID       |   in|    1|       m_axi|               WR_BUS|       pointer|
|m_axi_WR_BUS_RUSER     |   in|    1|       m_axi|               WR_BUS|       pointer|
|m_axi_WR_BUS_RRESP     |   in|    2|       m_axi|               WR_BUS|       pointer|
|m_axi_WR_BUS_BVALID    |   in|    1|       m_axi|               WR_BUS|       pointer|
|m_axi_WR_BUS_BREADY    |  out|    1|       m_axi|               WR_BUS|       pointer|
|m_axi_WR_BUS_BRESP     |   in|    2|       m_axi|               WR_BUS|       pointer|
|m_axi_WR_BUS_BID       |   in|    1|       m_axi|               WR_BUS|       pointer|
|m_axi_WR_BUS_BUSER     |   in|    1|       m_axi|               WR_BUS|       pointer|
+-----------------------+-----+-----+------------+---------------------+--------------+

